Component: ARM Compiler 5.06 update 6 (build 750) Tool: armlink [4d35ed]

==============================================================================

Section Cross References

    main.o(i.SystemClock_Config) refers to memseta.o(.text) for __aeabi_memclr4
    main.o(i.SystemClock_Config) refers to stm32f1xx_hal_rcc.o(i.HAL_RCC_OscConfig) for HAL_RCC_OscConfig
    main.o(i.SystemClock_Config) refers to stm32f1xx_hal_rcc.o(i.HAL_RCC_ClockConfig) for HAL_RCC_ClockConfig
    main.o(i.main) refers to stm32f1xx_hal.o(i.HAL_Init) for HAL_Init
    main.o(i.main) refers to main.o(i.SystemClock_Config) for SystemClock_Config
    main.o(i.main) refers to gpio.o(i.MX_GPIO_Init) for MX_GPIO_Init
    main.o(i.main) refers to dma.o(i.MX_DMA_Init) for MX_DMA_Init
    main.o(i.main) refers to spi.o(i.MX_SPI2_Init) for MX_SPI2_Init
    main.o(i.main) refers to usart.o(i.MX_USART1_UART_Init) for MX_USART1_UART_Init
    main.o(i.main) refers to applicationmain.o(i.ApplicationMain_Init) for ApplicationMain_Init
    main.o(i.main) refers to applicationmain.o(i.ApplicationMain_Loop) for ApplicationMain_Loop
    gpio.o(i.MX_GPIO_Init) refers to stm32f1xx_hal_gpio.o(i.HAL_GPIO_WritePin) for HAL_GPIO_WritePin
    gpio.o(i.MX_GPIO_Init) refers to stm32f1xx_hal_gpio.o(i.HAL_GPIO_Init) for HAL_GPIO_Init
    dma.o(i.MX_DMA_Init) refers to stm32f1xx_hal_cortex.o(i.HAL_NVIC_SetPriority) for HAL_NVIC_SetPriority
    dma.o(i.MX_DMA_Init) refers to stm32f1xx_hal_cortex.o(i.HAL_NVIC_EnableIRQ) for HAL_NVIC_EnableIRQ
    spi.o(i.HAL_SPI_MspDeInit) refers to stm32f1xx_hal_gpio.o(i.HAL_GPIO_DeInit) for HAL_GPIO_DeInit
    spi.o(i.HAL_SPI_MspDeInit) refers to stm32f1xx_hal_dma.o(i.HAL_DMA_DeInit) for HAL_DMA_DeInit
    spi.o(i.HAL_SPI_MspInit) refers to stm32f1xx_hal_gpio.o(i.HAL_GPIO_Init) for HAL_GPIO_Init
    spi.o(i.HAL_SPI_MspInit) refers to stm32f1xx_hal_dma.o(i.HAL_DMA_Init) for HAL_DMA_Init
    spi.o(i.HAL_SPI_MspInit) refers to main.o(i.Error_Handler) for Error_Handler
    spi.o(i.HAL_SPI_MspInit) refers to spi.o(.bss) for .bss
    spi.o(i.MX_SPI2_Init) refers to stm32f1xx_hal_spi.o(i.HAL_SPI_Init) for HAL_SPI_Init
    spi.o(i.MX_SPI2_Init) refers to main.o(i.Error_Handler) for Error_Handler
    spi.o(i.MX_SPI2_Init) refers to spi.o(.bss) for .bss
    usart.o(i.HAL_UART_MspDeInit) refers to stm32f1xx_hal_gpio.o(i.HAL_GPIO_DeInit) for HAL_GPIO_DeInit
    usart.o(i.HAL_UART_MspDeInit) refers to stm32f1xx_hal_cortex.o(i.HAL_NVIC_DisableIRQ) for HAL_NVIC_DisableIRQ
    usart.o(i.HAL_UART_MspInit) refers to stm32f1xx_hal_gpio.o(i.HAL_GPIO_Init) for HAL_GPIO_Init
    usart.o(i.HAL_UART_MspInit) refers to stm32f1xx_hal_cortex.o(i.HAL_NVIC_SetPriority) for HAL_NVIC_SetPriority
    usart.o(i.HAL_UART_MspInit) refers to stm32f1xx_hal_cortex.o(i.HAL_NVIC_EnableIRQ) for HAL_NVIC_EnableIRQ
    usart.o(i.MX_USART1_UART_Init) refers to stm32f1xx_hal_uart.o(i.HAL_UART_Init) for HAL_UART_Init
    usart.o(i.MX_USART1_UART_Init) refers to main.o(i.Error_Handler) for Error_Handler
    usart.o(i.MX_USART1_UART_Init) refers to usart.o(.bss) for .bss
    stm32f1xx_it.o(i.DMA1_Channel5_IRQHandler) refers to stm32f1xx_hal_dma.o(i.HAL_DMA_IRQHandler) for HAL_DMA_IRQHandler
    stm32f1xx_it.o(i.DMA1_Channel5_IRQHandler) refers to spi.o(.bss) for hdma_spi2_tx
    stm32f1xx_it.o(i.SysTick_Handler) refers to stm32f1xx_hal.o(i.HAL_IncTick) for HAL_IncTick
    stm32f1xx_it.o(i.SysTick_Handler) refers to ws2812.o(.data) for gWS2812_TimeCNT
    stm32f1xx_it.o(i.SysTick_Handler) refers to ledcontrol.o(.data) for gLED_TimeCNT
    stm32f1xx_it.o(i.SysTick_Handler) refers to keyframe.o(.data) for gKeyFrame_TimeCNT
    stm32f1xx_it.o(i.USART1_IRQHandler) refers to stm32f1xx_hal_uart.o(i.HAL_UART_IRQHandler) for HAL_UART_IRQHandler
    stm32f1xx_it.o(i.USART1_IRQHandler) refers to usart.o(.bss) for huart1
    startup_stm32f103xb.o(RESET) refers to startup_stm32f103xb.o(STACK) for __initial_sp
    startup_stm32f103xb.o(RESET) refers to startup_stm32f103xb.o(.text) for Reset_Handler
    startup_stm32f103xb.o(RESET) refers to stm32f1xx_it.o(i.NMI_Handler) for NMI_Handler
    startup_stm32f103xb.o(RESET) refers to stm32f1xx_it.o(i.HardFault_Handler) for HardFault_Handler
    startup_stm32f103xb.o(RESET) refers to stm32f1xx_it.o(i.MemManage_Handler) for MemManage_Handler
    startup_stm32f103xb.o(RESET) refers to stm32f1xx_it.o(i.BusFault_Handler) for BusFault_Handler
    startup_stm32f103xb.o(RESET) refers to stm32f1xx_it.o(i.UsageFault_Handler) for UsageFault_Handler
    startup_stm32f103xb.o(RESET) refers to stm32f1xx_it.o(i.SVC_Handler) for SVC_Handler
    startup_stm32f103xb.o(RESET) refers to stm32f1xx_it.o(i.DebugMon_Handler) for DebugMon_Handler
    startup_stm32f103xb.o(RESET) refers to stm32f1xx_it.o(i.PendSV_Handler) for PendSV_Handler
    startup_stm32f103xb.o(RESET) refers to stm32f1xx_it.o(i.SysTick_Handler) for SysTick_Handler
    startup_stm32f103xb.o(RESET) refers to stm32f1xx_it.o(i.DMA1_Channel5_IRQHandler) for DMA1_Channel5_IRQHandler
[...]
    Removing stm32f1xx_hal_rcc.o(i.HAL_RCC_GetHCLKFreq), (12 bytes).
    Removing stm32f1xx_hal_rcc.o(i.HAL_RCC_GetOscConfig), (144 bytes).
    Removing stm32f1xx_hal_rcc.o(i.HAL_RCC_MCOConfig), (72 bytes).
    Removing stm32f1xx_hal_rcc.o(i.HAL_RCC_NMI_IRQHandler), (24 bytes).
    Removing stm32f1xx_hal_rcc_ex.o(.rev16_text), (4 bytes).
    Removing stm32f1xx_hal_rcc_ex.o(.revsh_text), (4 bytes).
    Removing stm32f1xx_hal_rcc_ex.o(.rrx_text), (6 bytes).
    Removing stm32f1xx_hal_rcc_ex.o(i.HAL_RCCEx_GetPeriphCLKConfig), (44 bytes).
    Removing stm32f1xx_hal_rcc_ex.o(i.HAL_RCCEx_GetPeriphCLKFreq), (200 bytes).
    Removing stm32f1xx_hal_rcc_ex.o(i.HAL_RCCEx_PeriphCLKConfig), (236 bytes).
    Removing stm32f1xx_hal_gpio.o(.rev16_text), (4 bytes).
    Removing stm32f1xx_hal_gpio.o(.revsh_text), (4 bytes).
    Removing stm32f1xx_hal_gpio.o(.rrx_text), (6 bytes).
    Removing stm32f1xx_hal_gpio.o(i.HAL_GPIO_DeInit), (252 bytes).
    Removing stm32f1xx_hal_gpio.o(i.HAL_GPIO_EXTI_Callback), (2 bytes).
    Removing stm32f1xx_hal_gpio.o(i.HAL_GPIO_EXTI_IRQHandler), (24 bytes).
    Removing stm32f1xx_hal_gpio.o(i.HAL_GPIO_LockPin), (34 bytes).
    Removing stm32f1xx_hal_gpio.o(i.HAL_GPIO_TogglePin), (16 bytes).
    Removing stm32f1xx_hal_dma.o(.rev16_text), (4 bytes).
    Removing stm32f1xx_hal_dma.o(.revsh_text), (4 bytes).
    Removing stm32f1xx_hal_dma.o(.rrx_text), (6 bytes).
    Removing stm32f1xx_hal_dma.o(i.HAL_DMA_Abort), (70 bytes).
    Removing stm32f1xx_hal_dma.o(i.HAL_DMA_DeInit), (92 bytes).
    Removing stm32f1xx_hal_dma.o(i.HAL_DMA_GetError), (4 bytes).
    Removing stm32f1xx_hal_dma.o(i.HAL_DMA_GetState), (6 bytes).
    Removing stm32f1xx_hal_dma.o(i.HAL_DMA_PollForTransfer), (532 bytes).
    Removing stm32f1xx_hal_dma.o(i.HAL_DMA_RegisterCallback), (74 bytes).
    Removing stm32f1xx_hal_dma.o(i.HAL_DMA_Start), (80 bytes).
    Removing stm32f1xx_hal_dma.o(i.HAL_DMA_UnRegisterCallback), (82 bytes).
    Removing stm32f1xx_hal_cortex.o(.rev16_text), (4 bytes).
    Removing stm32f1xx_hal_cortex.o(.revsh_text), (4 bytes).
    Removing stm32f1xx_hal_cortex.o(.rrx_text), (6 bytes).
    Removing stm32f1xx_hal_cortex.o(i.HAL_NVIC_ClearPendingIRQ), (26 bytes).
    Removing stm32f1xx_hal_cortex.o(i.HAL_NVIC_DisableIRQ), (34 bytes).
    Removing stm32f1xx_hal_cortex.o(i.HAL_NVIC_GetActive), (36 bytes).
    Removing stm32f1xx_hal_cortex.o(i.HAL_NVIC_GetPendingIRQ), (36 bytes).
    Removing stm32f1xx_hal_cortex.o(i.HAL_NVIC_GetPriority), (82 bytes).
    Removing stm32f1xx_hal_cortex.o(i.HAL_NVIC_GetPriorityGrouping), (16 bytes).
    Removing stm32f1xx_hal_cortex.o(i.HAL_NVIC_SetPendingIRQ), (26 bytes).
    Removing stm32f1xx_hal_cortex.o(i.HAL_NVIC_SystemReset), (36 bytes).
    Removing stm32f1xx_hal_cortex.o(i.HAL_SYSTICK_CLKSourceConfig), (24 bytes).
    Removing stm32f1xx_hal_cortex.o(i.HAL_SYSTICK_Callback), (2 bytes).
    Removing stm32f1xx_hal_cortex.o(i.HAL_SYSTICK_IRQHandler), (8 bytes).
    Removing stm32f1xx_hal_pwr.o(.rev16_text), (4 bytes).
    Removing stm32f1xx_hal_pwr.o(.revsh_text), (4 bytes).
    Removing stm32f1xx_hal_pwr.o(.rrx_text), (6 bytes).
    Removing stm32f1xx_hal_pwr.o(i.HAL_PWR_ConfigPVD), (124 bytes).
    Removing stm32f1xx_hal_pwr.o(i.HAL_PWR_DeInit), (24 bytes).
    Removing stm32f1xx_hal_pwr.o(i.HAL_PWR_DisableBkUpAccess), (12 bytes).
    Removing stm32f1xx_hal_pwr.o(i.HAL_PWR_DisablePVD), (12 bytes).
    Removing stm32f1xx_hal_pwr.o(i.HAL_PWR_DisableSEVOnPend), (16 bytes).
    Removing stm32f1xx_hal_pwr.o(i.HAL_PWR_DisableSleepOnExit), (16 bytes).
    Removing stm32f1xx_hal_pwr.o(i.HAL_PWR_DisableWakeUpPin), (28 bytes).
    Removing stm32f1xx_hal_pwr.o(i.HAL_PWR_EnableBkUpAccess), (12 bytes).
    Removing stm32f1xx_hal_pwr.o(i.HAL_PWR_EnablePVD), (12 bytes).
    Removing stm32f1xx_hal_pwr.o(i.HAL_PWR_EnableSEVOnPend), (16 bytes).
    Removing stm32f1xx_hal_pwr.o(i.HAL_PWR_EnableSleepOnExit), (16 bytes).
    Removing stm32f1xx_hal_pwr.o(i.HAL_PWR_EnableWakeUpPin), (28 bytes).
    Removing stm32f1xx_hal_pwr.o(i.HAL_PWR_EnterSLEEPMode), (32 bytes).
    Removing stm32f1xx_hal_pwr.o(i.HAL_PWR_EnterSTANDBYMode), (32 bytes).
    Removing stm32f1xx_hal_pwr.o(i.HAL_PWR_EnterSTOPMode), (68 bytes).
    Removing stm32f1xx_hal_pwr.o(i.HAL_PWR_PVDCallback), (2 bytes).
    Removing stm32f1xx_hal_pwr.o(i.HAL_PWR_PVD_IRQHandler), (28 bytes).
    Removing stm32f1xx_hal_pwr.o(i.PWR_OverloadWfe), (6 bytes).
    Removing stm32f1xx_hal_flash.o(.rev16_text), (4 bytes).
    Removing stm32f1xx_hal_flash.o(.revsh_text), (4 bytes).
    Removing stm32f1xx_hal_flash.o(.rrx_text), (6 bytes).
    Removing stm32f1xx_hal_flash.o(i.FLASH_Program_HalfWord), (28 bytes).
    Removing stm32f1xx_hal_flash.o(i.FLASH_SetErrorCode), (92 bytes).
    Removing stm32f1xx_hal_flash.o(i.FLASH_WaitForLastOperation), (84 bytes).
    Removing stm32f1xx_hal_flash.o(i.HAL_FLASH_EndOfOperationCallback), (2 bytes).
    Removing stm32f1xx_hal_flash.o(i.HAL_FLASH_GetError), (12 bytes).
    Removing stm32f1xx_hal_flash.o(i.HAL_FLASH_IRQHandler), (264 bytes).
    Removing stm32f1xx_hal_flash.o(i.HAL_FLASH_Lock), (20 bytes).
    Removing stm32f1xx_hal_flash.o(i.HAL_FLASH_OB_Launch), (4 bytes).
    Removing stm32f1xx_hal_flash.o(i.HAL_FLASH_OB_Lock), (20 bytes).
    Removing stm32f1xx_hal_flash.o(i.HAL_FLASH_OB_Unlock), (36 bytes).
    Removing stm32f1xx_hal_flash.o(i.HAL_FLASH_OperationErrorCallback), (2 bytes).
    Removing stm32f1xx_hal_flash.o(i.HAL_FLASH_Program), (128 bytes).
    Removing stm32f1xx_hal_flash.o(i.HAL_FLASH_Program_IT), (100 bytes).
    Removing stm32f1xx_hal_flash.o(i.HAL_FLASH_Unlock), (40 bytes).
    Removing stm32f1xx_hal_flash.o(.bss), (32 bytes).
    Removing stm32f1xx_hal_flash_ex.o(.rev16_text), (4 bytes).
    Removing stm32f1xx_hal_flash_ex.o(.revsh_text), (4 bytes).
    Removing stm32f1xx_hal_flash_ex.o(.rrx_text), (6 bytes).
    Removing stm32f1xx_hal_flash_ex.o(i.FLASH_MassErase), (36 bytes).
    Removing stm32f1xx_hal_flash_ex.o(i.FLASH_OB_DisableWRP), (176 bytes).
    Removing stm32f1xx_hal_flash_ex.o(i.FLASH_OB_EnableWRP), (176 bytes).
    Removing stm32f1xx_hal_flash_ex.o(i.FLASH_OB_GetRDP), (24 bytes).
    Removing stm32f1xx_hal_flash_ex.o(i.FLASH_OB_RDP_LevelConfig), (100 bytes).
    Removing stm32f1xx_hal_flash_ex.o(i.FLASH_PageErase), (36 bytes).
    Removing stm32f1xx_hal_flash_ex.o(i.HAL_FLASHEx_Erase), (168 bytes).
    Removing stm32f1xx_hal_flash_ex.o(i.HAL_FLASHEx_Erase_IT), (84 bytes).
    Removing stm32f1xx_hal_flash_ex.o(i.HAL_FLASHEx_OBErase), (84 bytes).
    Removing stm32f1xx_hal_flash_ex.o(i.HAL_FLASHEx_OBGetConfig), (36 bytes).
    Removing stm32f1xx_hal_flash_ex.o(i.HAL_FLASHEx_OBGetUserData), (32 bytes).
    Removing stm32f1xx_hal_flash_ex.o(i.HAL_FLASHEx_OBProgram), (200 bytes).
    Removing stm32f1xx_hal_exti.o(.rev16_text), (4 bytes).
    Removing stm32f1xx_hal_exti.o(.revsh_text), (4 bytes).
    Removing stm32f1xx_hal_exti.o(.rrx_text), (6 bytes).
    Removing stm32f1xx_hal_exti.o(i.HAL_EXTI_ClearConfigLine), (104 bytes).
    Removing stm32f1xx_hal_exti.o(i.HAL_EXTI_ClearPending), (20 bytes).
    Removing stm32f1xx_hal_exti.o(i.HAL_EXTI_GenerateSWI), (20 bytes).
    Removing stm32f1xx_hal_exti.o(i.HAL_EXTI_GetConfigLine), (152 bytes).
    Removing stm32f1xx_hal_exti.o(i.HAL_EXTI_GetHandle), (12 bytes).
    Removing stm32f1xx_hal_exti.o(i.HAL_EXTI_GetPending), (24 bytes).
    Removing stm32f1xx_hal_exti.o(i.HAL_EXTI_IRQHandler), (36 bytes).
    Removing stm32f1xx_hal_exti.o(i.HAL_EXTI_RegisterCallback), (14 bytes).
    Removing stm32f1xx_hal_exti.o(i.HAL_EXTI_SetConfigLine), (164 bytes).
    Removing stm32f1xx_hal_tim.o(.rev16_text), (4 bytes).
    Removing stm32f1xx_hal_tim.o(.revsh_text), (4 bytes).
    Removing stm32f1xx_hal_tim.o(.rrx_text), (6 bytes).
    Removing stm32f1xx_hal_tim_ex.o(.rev16_text), (4 bytes).
    Removing stm32f1xx_hal_tim_ex.o(.revsh_text), (4 bytes).
    Removing stm32f1xx_hal_tim_ex.o(.rrx_text), (6 bytes).
    Removing stm32f1xx_hal_uart.o(.rev16_text), (4 bytes).
    Removing stm32f1xx_hal_uart.o(.revsh_text), (4 bytes).
    Removing stm32f1xx_hal_uart.o(.rrx_text), (6 bytes).
    Removing stm32f1xx_hal_uart.o(i.HAL_HalfDuplex_EnableReceiver), (50 bytes).
    Removing stm32f1xx_hal_uart.o(i.HAL_HalfDuplex_EnableTransmitter), (50 bytes).
    Removing stm32f1xx_hal_uart.o(i.HAL_HalfDuplex_Init), (108 bytes).
    Removing stm32f1xx_hal_uart.o(i.HAL_LIN_Init), (128 bytes).
    Removing stm32f1xx_hal_uart.o(i.HAL_LIN_SendBreak), (46 bytes).
    Removing stm32f1xx_hal_uart.o(i.HAL_MultiProcessor_EnterMuteMode), (46 bytes).
    Removing stm32f1xx_hal_uart.o(i.HAL_MultiProcessor_ExitMuteMode), (46 bytes).
    Removing stm32f1xx_hal_uart.o(i.HAL_MultiProcessor_Init), (142 bytes).
    Removing stm32f1xx_hal_uart.o(i.HAL_UART_Abort), (138 bytes).
    Removing stm32f1xx_hal_uart.o(i.HAL_UART_AbortCpltCallback), (2 bytes).
    Removing stm32f1xx_hal_uart.o(i.HAL_UART_AbortReceive), (88 bytes).
    Removing stm32f1xx_hal_uart.o(i.HAL_UART_AbortReceiveCpltCallback), (2 bytes).
    Removing stm32f1xx_hal_uart.o(i.HAL_UART_AbortReceive_IT), (92 bytes).
    Removing stm32f1xx_hal_uart.o(i.HAL_UART_AbortTransmit), (78 bytes).
    Removing stm32f1xx_hal_uart.o(i.HAL_UART_AbortTransmitCpltCallback), (2 bytes).
    Removing stm32f1xx_hal_uart.o(i.HAL_UART_AbortTransmit_IT), (84 bytes).
    Removing stm32f1xx_hal_uart.o(i.HAL_UART_Abort_IT), (172 bytes).
    Removing stm32f1xx_hal_uart.o(i.HAL_UART_DMAPause), (102 bytes).
    Removing stm32f1xx_hal_uart.o(i.HAL_UART_DMAResume), (94 bytes).
    Removing stm32f1xx_hal_uart.o(i.HAL_UART_DMAStop), (88 bytes).
    Removing stm32f1xx_hal_uart.o(i.HAL_UART_DeInit), (50 bytes).
    Removing stm32f1xx_hal_uart.o(i.HAL_UART_GetError), (4 bytes).
    Removing stm32f1xx_hal_uart.o(i.HAL_UART_GetState), (10 bytes).
    Removing stm32f1xx_hal_uart.o(i.HAL_UART_MspDeInit), (2 bytes).
    Removing stm32f1xx_hal_uart.o(i.HAL_UART_MspInit), (2 bytes).
    Removing stm32f1xx_hal_uart.o(i.HAL_UART_Receive), (188 bytes).
    Removing stm32f1xx_hal_uart.o(i.HAL_UART_Receive_DMA), (152 bytes).
    Removing stm32f1xx_hal_uart.o(i.HAL_UART_Receive_IT), (82 bytes).
    Removing stm32f1xx_hal_uart.o(i.HAL_UART_RxHalfCpltCallback), (2 bytes).
    Removing stm32f1xx_hal_uart.o(i.HAL_UART_Transmit), (178 bytes).
    Removing stm32f1xx_hal_uart.o(i.HAL_UART_Transmit_DMA), (128 bytes).
    Removing stm32f1xx_hal_uart.o(i.HAL_UART_Transmit_IT), (62 bytes).
    Removing stm32f1xx_hal_uart.o(i.HAL_UART_TxHalfCpltCallback), (2 bytes).
    Removing stm32f1xx_hal_uart.o(i.UART_DMAError), (74 bytes).
    Removing stm32f1xx_hal_uart.o(i.UART_DMAReceiveCplt), (60 bytes).
    Removing stm32f1xx_hal_uart.o(i.UART_DMARxAbortCallback), (42 bytes).
    Removing stm32f1xx_hal_uart.o(i.UART_DMARxHalfCplt), (10 bytes).
    Removing stm32f1xx_hal_uart.o(i.UART_DMARxOnlyAbortCallback), (20 bytes).
    Removing stm32f1xx_hal_uart.o(i.UART_DMATransmitCplt), (46 bytes).
    Removing stm32f1xx_hal_uart.o(i.UART_DMATxAbortCallback), (42 bytes).
    Removing stm32f1xx_hal_uart.o(i.UART_DMATxHalfCplt), (10 bytes).
    Removing stm32f1xx_hal_uart.o(i.UART_DMATxOnlyAbortCallback), (20 bytes).
    Removing stm32f1xx_hal_uart.o(i.UART_EndTxTransfer), (18 bytes).
    Removing stm32f1xx_hal_uart.o(i.UART_WaitOnFlagUntilTimeout), (100 bytes).
    Removing applicationmain.o(.rev16_text), (4 bytes).
    Removing applicationmain.o(.revsh_text), (4 bytes).
    Removing applicationmain.o(.rrx_text), (6 bytes).
    Removing spi2.o(.rev16_text), (4 bytes).
    Removing spi2.o(.revsh_text), (4 bytes).
    Removing spi2.o(.rrx_text), (6 bytes).
    Removing ledgpio.o(.rev16_text), (4 bytes).
    Removing ledgpio.o(.revsh_text), (4 bytes).
    Removing ledgpio.o(.rrx_text), (6 bytes).
    Removing keygpio.o(.rev16_text), (4 bytes).
    Removing keygpio.o(.revsh_text), (4 bytes).
    Removing keygpio.o(.rrx_text), (6 bytes).
    Removing ws2812config.o(.rev16_text), (4 bytes).
    Removing ws2812config.o(.revsh_text), (4 bytes).
    Removing ws2812config.o(.rrx_text), (6 bytes).
    Removing ws2812config.o(i.DisableUserColor), (120 bytes).
    Removing ws2812config.o(i.WS2812Config_Deinit), (2 bytes).
    Removing ws2812config.o(i.WS2812Config_Init), (2 bytes).
    Removing ws2812config.o(i.WS2812SetDefaultCloar), (28 bytes).
    Removing peripheralmain.o(.rev16_text), (4 bytes).
    Removing peripheralmain.o(.revsh_text), (4 bytes).
    Removing peripheralmain.o(.rrx_text), (6 bytes).
    Removing ledconfig.o(.rev16_text), (4 bytes).
    Removing ledconfig.o(.revsh_text), (4 bytes).
    Removing ledconfig.o(.rrx_text), (6 bytes).
    Removing ledconfig.o(i.LEDConfig_DeInit), (12 bytes).
    Removing ledconfig.o(i.LEDConfig_Init), (12 bytes).
    Removing ledconfig.o(i.SetLEDStatus), (28 bytes).
    Removing ws2812.o(.rev16_text), (4 bytes).
    Removing ws2812.o(.revsh_text), (4 bytes).
    Removing ws2812.o(.rrx_text), (6 bytes).
    Removing ledcontrol.o(i.LEDOFF), (20 bytes).
    Removing ledcontrol.o(i.LEDON), (12 bytes).
    Removing keyframe.o(i.KeyFrame_FuncDisable), (48 bytes).
    Removing keyframe.o(i.KeyFrame_FuncDisableExcept), (48 bytes).
    Removing keyframe.o(i.KeyFrame_FuncEnable), (48 bytes).
    Removing keyframe.o(i.KeyFrame_FuncStatusClear), (48 bytes).
    Removing keyframe.o(i.KeyFrame_FuncStatusClearAll), (28 bytes).
    Removing keyframe.o(i.KeyFrame_LinkIsEnable), (10 bytes).
    Removing segger_rtt.o(i.SEGGER_RTT_ConfigDownBuffer), (56 bytes).
    Removing segger_rtt.o(i.SEGGER_RTT_ConfigUpBuffer), (56 bytes).
    Removing segger_rtt.o(i.SEGGER_RTT_GetKey), (28 bytes).
    Removing segger_rtt.o(i.SEGGER_RTT_HasKey), (24 bytes).
    Removing segger_rtt.o(i.SEGGER_RTT_Init), (2 bytes).
    Removing segger_rtt.o(i.SEGGER_RTT_Read), (112 bytes).
    Removing segger_rtt.o(i.SEGGER_RTT_WaitKey), (14 bytes).
    Removing segger_rtt.o(i.SEGGER_RTT_Write), (148 bytes).
    Removing segger_rtt.o(i.SEGGER_RTT_WriteString), (28 bytes).
    Removing segger_rtt.o(i.fputc), (22 bytes).
    Removing segger_rtt.o(.bss), (1024 bytes).
    Removing segger_rtt.o(.bss), (16 bytes).
    Removing segger_rtt.o(.conststring), (9 bytes).
    Removing segger_rtt.o(.data), (120 bytes).
    Removing segger_rtt_printf.o(i.SEGGER_RTT_printf), (22 bytes).
    Removing segger_rtt_printf.o(i.SEGGER_RTT_vprintf), (402 bytes).
    Removing segger_rtt_printf.o(i._PrintInt), (194 bytes).
    Removing segger_rtt_printf.o(i._PrintUnsigned), (220 bytes).
    Removing segger_rtt_printf.o(i._StoreChar), (62 bytes).
    Removing segger_rtt_printf.o(.constdata), (16 bytes).
    Removing functionmain.o(.rev16_text), (4 bytes).
    Removing functionmain.o(.revsh_text), (4 bytes).
    Removing functionmain.o(.rrx_text), (6 bytes).
    Removing keyfunc.o(.rev16_text), (4 bytes).
    Removing keyfunc.o(.revsh_text), (4 bytes).
    Removing keyfunc.o(.rrx_text), (6 bytes).

341 unused section(s) (total 17683 bytes) removed from the image.

==============================================================================

Image Symbol Table

    Local Symbols

    Symbol Name                              Value     Ov Type        Size  Object(Section)

    ../Drivers/STM32F1xx_HAL_Driver/Src/stm32f1xx_hal.c 0x00000000   Number         0  stm32f1xx_hal.o ABSOLUTE
    ../Drivers/STM32F1xx_HAL_Driver/Src/stm32f1xx_hal_cortex.c 0x00000000   Number         0  stm32f1xx_hal_cortex.o ABSOLUTE
    ../Drivers/STM32F1xx_HAL_Driver/Src/stm32f1xx_hal_dma.c 0x00000000   Number         0  stm32f1xx_hal_dma.o ABSOLUTE
    ../Drivers/STM32F1xx_HAL_Driver/Src/stm32f1xx_hal_exti.c 0x00000000   Number         0  stm32f1xx_hal_exti.o ABSOLUTE
    ../Drivers/STM32F1xx_HAL_Driver/Src/stm32f1xx_hal_flash.c 0x00000000   Number         0  stm32f1xx_hal_flash.o ABSOLUTE
    ../Drivers/STM32F1xx_HAL_Driver/Src/stm32f1xx_hal_flash_ex.c 0x00000000   Number         0  stm32f1xx_hal_flash_ex.o ABSOLUTE
    ../Drivers/STM32F1xx_HAL_Driver/Src/stm32f1xx_hal_gpio.c 0x00000000   Number         0  stm32f1xx_hal_gpio.o ABSOLUTE
    ../Drivers/STM32F1xx_HAL_Driver/Src/stm32f1xx_hal_gpio_ex.c 0x00000000   Number         0  stm32f1xx_hal_gpio_ex.o ABSOLUTE
    ../Drivers/STM32F1xx_HAL_Driver/Src/stm32f1xx_hal_pwr.c 0x00000000   Number         0  stm32f1xx_hal_pwr.o ABSOLUTE
    ../Drivers/STM32F1xx_HAL_Driver/Src/stm32f1xx_hal_rcc.c 0x00000000   Number         0  stm32f1xx_hal_rcc.o ABSOLUTE
    ../Drivers/STM32F1xx_HAL_Driver/Src/stm32f1xx_hal_rcc_ex.c 0x00000000   Number         0  stm32f1xx_hal_rcc_ex.o ABSOLUTE
    ../Drivers/STM32F1xx_HAL_Driver/Src/stm32f1xx_hal_spi.c 0x00000000   Number         0  stm32f1xx_hal_spi.o ABSOLUTE
    ../Drivers/STM32F1xx_HAL_Driver/Src/stm32f1xx_hal_tim.c 0x00000000   Number         0  stm32f1xx_hal_tim.o ABSOLUTE
    ../Drivers/STM32F1xx_HAL_Driver/Src/stm32f1xx_hal_tim_ex.c 0x00000000   Number         0  stm32f1xx_hal_tim_ex.o ABSOLUTE
    ../Drivers/STM32F1xx_HAL_Driver/Src/stm32f1xx_hal_uart.c 0x00000000   Number         0  stm32f1xx_hal_uart.o ABSOLUTE
    ../Src/dma.c                             0x00000000   Number         0  dma.o ABSOLUTE
    ../Src/gpio.c                            0x00000000   Number         0  gpio.o ABSOLUTE
    ../Src/main.c                            0x00000000   Number         0  main.o ABSOLUTE
    ../Src/spi.c                             0x00000000   Number         0  spi.o ABSOLUTE
    ../Src/stm32f1xx_hal_msp.c               0x00000000   Number         0  stm32f1xx_hal_msp.o ABSOLUTE
    ../Src/stm32f1xx_it.c                    0x00000000   Number         0  stm32f1xx_it.o ABSOLUTE
    ../Src/system_stm32f1xx.c                0x00000000   Number         0  system_stm32f1xx.o ABSOLUTE
    ../Src/usart.c                           0x00000000   Number         0  usart.o ABSOLUTE
    ../clib/microlib/init/entry.s            0x00000000   Number         0  entry8a.o ABSOLUTE
    ../clib/microlib/init/entry.s            0x00000000   Number         0  entry7b.o ABSOLUTE
    ../clib/microlib/init/entry.s            0x00000000   Number         0  entry7a.o ABSOLUTE
    ../clib/microlib/init/entry.s            0x00000000   Number         0  entry9a.o ABSOLUTE
    ../clib/microlib/init/entry.s            0x00000000   Number         0  entry5.o ABSOLUTE
    ../clib/microlib/init/entry.s            0x00000000   Number         0  entry8b.o ABSOLUTE
    ../clib/microlib/init/entry.s            0x00000000   Number         0  entry.o ABSOLUTE
    ../clib/microlib/init/entry.s            0x00000000   Number         0  entry2.o ABSOLUTE
    ../clib/microlib/init/entry.s            0x00000000   Number         0  entry11a.o ABSOLUTE
    ../clib/microlib/init/entry.s            0x00000000   Number         0  entry11b.o ABSOLUTE
    ../clib/microlib/init/entry.s            0x00000000   Number         0  entry10b.o ABSOLUTE
    ../clib/microlib/init/entry.s            0x00000000   Number         0  entry10a.o ABSOLUTE
    ../clib/microlib/init/entry.s            0x00000000   Number         0  entry9b.o ABSOLUTE
    ../clib/microlib/longlong.c              0x00000000   Number         0  llushr.o ABSOLUTE
    ../clib/microlib/string/memcpy.c         0x00000000   Number         0  memcpya.o ABSOLUTE
    ../clib/microlib/string/memcpy.c         0x00000000   Number         0  memcpyb.o ABSOLUTE
    ../clib/microlib/string/memset.c         0x00000000   Number         0  memseta.o ABSOLUTE
    ../clib/microlib/stubs.s                 0x00000000   Number         0  iusefp.o ABSOLUTE
    ../fplib/microlib/fpadd.c                0x00000000   Number         0  fadd.o ABSOLUTE
    ../fplib/microlib/fpdiv.c                0x00000000   Number         0  fdiv.o ABSOLUTE
    ../fplib/microlib/fpepilogue.c           0x00000000   Number         0  fepilogue.o ABSOLUTE
    ../fplib/microlib/fpfix.c                0x00000000   Number         0  ffixui.o ABSOLUTE
    ../fplib/microlib/fpflt.c                0x00000000   Number         0  ffltui.o ABSOLUTE
    ../fplib/microlib/fpmul.c                0x00000000   Number         0  fmul.o ABSOLUTE
    ../fplib/microlib/fpscalb.c              0x00000000   Number         0  fscalb.o ABSOLUTE
    ..\Drivers\STM32F1xx_HAL_Driver\Src\stm32f1xx_hal.c 0x00000000   Number         0  stm32f1xx_hal.o ABSOLUTE
    ..\Drivers\STM32F1xx_HAL_Driver\Src\stm32f1xx_hal_cortex.c 0x00000000   Number         0  stm32f1xx_hal_cortex.o ABSOLUTE
    ..\Drivers\STM32F1xx_HAL_Driver\Src\stm32f1xx_hal_dma.c 0x00000000   Number         0  stm32f1xx_hal_dma.o ABSOLUTE
    ..\Drivers\STM32F1xx_HAL_Driver\Src\stm32f1xx_hal_exti.c 0x00000000   Number         0  stm32f1xx_hal_exti.o ABSOLUTE
    ..\Drivers\STM32F1xx_HAL_Driver\Src\stm32f1xx_hal_flash.c 0x00000000   Number         0  stm32f1xx_hal_flash.o ABSOLUTE
    ..\Drivers\STM32F1xx_HAL_Driver\Src\stm32f1xx_hal_flash_ex.c 0x00000000   Number         0  stm32f1xx_hal_flash_ex.o ABSOLUTE
    ..\Drivers\STM32F1xx_HAL_Driver\Src\stm32f1xx_hal_gpio.c 0x00000000   Number         0  stm32f1xx_hal_gpio.o ABSOLUTE
    ..\Drivers\STM32F1xx_HAL_Driver\Src\stm32f1xx_hal_gpio_ex.c 0x00000000   Number         0  stm32f1xx_hal_gpio_ex.o ABSOLUTE
    ..\Drivers\STM32F1xx_HAL_Driver\Src\stm32f1xx_hal_pwr.c 0x00000000   Number         0  stm32f1xx_hal_pwr.o ABSOLUTE
    ..\Drivers\STM32F1xx_HAL_Driver\Src\stm32f1xx_hal_rcc.c 0x00000000   Number         0  stm32f1xx_hal_rcc.o ABSOLUTE
    ..\Drivers\STM32F1xx_HAL_Driver\Src\stm32f1xx_hal_rcc_ex.c 0x00000000   Number         0  stm32f1xx_hal_rcc_ex.o ABSOLUTE
    ..\Drivers\STM32F1xx_HAL_Driver\Src\stm32f1xx_hal_spi.c 0x00000000   Number         0  stm32f1xx_hal_spi.o ABSOLUTE
    ..\Drivers\STM32F1xx_HAL_Driver\Src\stm32f1xx_hal_tim.c 0x00000000   Number         0  stm32f1xx_hal_tim.o ABSOLUTE
    ..\Drivers\STM32F1xx_HAL_Driver\Src\stm32f1xx_hal_tim_ex.c 0x00000000   Number         0  stm32f1xx_hal_tim_ex.o ABSOLUTE
    ..\Drivers\STM32F1xx_HAL_Driver\Src\stm32f1xx_hal_uart.c 0x00000000   Number         0  stm32f1xx_hal_uart.o ABSOLUTE
    ..\Src\dma.c                             0x00000000   Number         0  dma.o ABSOLUTE
    ..\Src\gpio.c                            0x00000000   Number         0  gpio.o ABSOLUTE
    ..\Src\main.c                            0x00000000   Number         0  main.o ABSOLUTE
    ..\Src\spi.c                             0x00000000   Number         0  spi.o ABSOLUTE
    ..\Src\stm32f1xx_hal_msp.c               0x00000000   Number         0  stm32f1xx_hal_msp.o ABSOLUTE
    ..\Src\stm32f1xx_it.c                    0x00000000   Number         0  stm32f1xx_it.o ABSOLUTE
    ..\Src\system_stm32f1xx.c                0x00000000   Number         0  system_stm32f1xx.o ABSOLUTE
    ..\Src\usart.c                           0x00000000   Number         0  usart.o ABSOLUTE
    ..\User\Application\ApplicationMain.c    0x00000000   Number         0  applicationmain.o ABSOLUTE
    ..\User\Driver\MCU Driver\KEYGPIO.c      0x00000000   Number         0  keygpio.o ABSOLUTE
    ..\User\Driver\MCU Driver\LEDGPIO.c      0x00000000   Number         0  ledgpio.o ABSOLUTE
    ..\User\Driver\MCU Driver\SPI2.c         0x00000000   Number         0  spi2.o ABSOLUTE
    ..\User\Driver\Peripheral Driver\LEDConfig.c 0x00000000   Number         0  ledconfig.o ABSOLUTE
    ..\User\Driver\Peripheral Driver\PeripheralMain.c 0x00000000   Number         0  peripheralmain.o ABSOLUTE
    ..\User\Driver\Peripheral Driver\WS2812Config.c 0x00000000   Number         0  ws2812config.o ABSOLUTE
    ..\User\FrameWork\KeyFrame.c             0x00000000   Number         0  keyframe.o ABSOLUTE
    ..\User\FrameWork\LEDControl.c           0x00000000   Number         0  ledcontrol.o ABSOLUTE
    ..\User\FrameWork\WS2812.c               0x00000000   Number         0  ws2812.o ABSOLUTE
    ..\User\Function\FunctionMain.c          0x00000000   Number         0  functionmain.o ABSOLUTE
    ..\User\Function\KeyFunc.c               0x00000000   Number         0  keyfunc.o ABSOLUTE
    ..\User\RTT\SEGGER_RTT.c                 0x00000000   Number         0  segger_rtt.o ABSOLUTE
    ..\User\RTT\SEGGER_RTT_printf.c          0x00000000   Number         0  segger_rtt_printf.o ABSOLUTE
    ..\\User\\Application\\ApplicationMain.c 0x00000000   Number         0  applicationmain.o ABSOLUTE
    ..\\User\\Driver\\MCU Driver\\KEYGPIO.c  0x00000000   Number         0  keygpio.o ABSOLUTE
    ..\\User\\Driver\\MCU Driver\\LEDGPIO.c  0x00000000   Number         0  ledgpio.o ABSOLUTE
    ..\\User\\Driver\\MCU Driver\\SPI2.c     0x00000000   Number         0  spi2.o ABSOLUTE
    ..\\User\\Driver\\Peripheral Driver\\LEDConfig.c 0x00000000   Number         0  ledconfig.o ABSOLUTE
    ..\\User\\Driver\\Peripheral Driver\\PeripheralMain.c 0x00000000   Number         0  peripheralmain.o ABSOLUTE
    ..\\User\\Driver\\Peripheral Driver\\WS2812Config.c 0x00000000   Number         0  ws2812config.o ABSOLUTE
    ..\\User\\FrameWork\\WS2812.c            0x00000000   Number         0  ws2812.o ABSOLUTE
    ..\\User\\Function\\FunctionMain.c       0x00000000   Number         0  functionmain.o ABSOLUTE
    ..\\User\\Function\\KeyFunc.c            0x00000000   Number         0  keyfunc.o ABSOLUTE
    cfcmple.s                                0x00000000   Number         0  cfcmple.o ABSOLUTE
    cfrcmple.s                               0x00000000   Number         0  cfrcmple.o ABSOLUTE
    dc.s                                     0x00000000   Number         0  dc.o ABSOLUTE
    handlers.s                               0x00000000   Number         0  handlers.o ABSOLUTE
    init.s                                   0x00000000   Number         0  init.o ABSOLUTE
    startup_stm32f103xb.s                    0x00000000   Number         0  startup_stm32f103xb.o ABSOLUTE
    RESET                                    0x08000000   Section      236  startup_stm32f103xb.o(RESET)
    .ARM.Collect$$$$00000000                 0x080000ec   Section        0  entry.o(.ARM.Collect$$$$00000000)
    .ARM.Collect$$$$00000001                 0x080000ec   Section        4  entry2.o(.ARM.Collect$$$$00000001)
    .ARM.Collect$$$$00000004                 0x080000f0   Section        4  entry5.o(.ARM.Collect$$$$00000004)
    .ARM.Collect$$$$00000008                 0x080000f4   Section        0  entry7b.o(.ARM.Collect$$$$00000008)
    .ARM.Collect$$$$0000000A                 0x080000f4   Section        0  entry8b.o(.ARM.Collect$$$$0000000A)
    .ARM.Collect$$$$0000000B                 0x080000f4   Section        8  entry9a.o(.ARM.Collect$$$$0000000B)
    .ARM.Collect$$$$0000000D                 0x080000fc   Section        0  entry10a.o(.ARM.Collect$$$$0000000D)
    .ARM.Collect$$$$0000000F                 0x080000fc   Section        0  entry11a.o(.ARM.Collect$$$$0000000F)
    .ARM.Collect$$$$00002712                 0x080000fc   Section        4  entry2.o(.ARM.Collect$$$$00002712)
    __lit__00000000                          0x080000fc   Data           4  entry2.o(.ARM.Collect$$$$00002712)
    .text                                    0x08000100   Section       36  startup_stm32f103xb.o(.text)
    .text                                    0x08000124   Section        0  memseta.o(.text)
    .text                                    0x08000148   Section        0  fadd.o(.text)
    .text                                    0x080001f8   Section        0  fmul.o(.text)
    .text                                    0x0800025c   Section        0  fdiv.o(.text)
    .text                                    0x080002d8   Section        0  fscalb.o(.text)
    .text                                    0x080002f0   Section        0  ffltui.o(.text)
    .text                                    0x080002fa   Section        0  ffixui.o(.text)
    .text                                    0x08000324   Section       20  cfcmple.o(.text)
    .text                                    0x08000338   Section       20  cfrcmple.o(.text)
    .text                                    0x0800034c   Section        0  iusefp.o(.text)
    .text                                    0x0800034c   Section        0  fepilogue.o(.text)
    .text                                    0x080003bc   Section       36  init.o(.text)
    i.ApplicationMain_Init                   0x080003e0   Section        0  applicationmain.o(i.ApplicationMain_Init)
    i.ApplicationMain_Loop                   0x080003ee   Section        0  applicationmain.o(i.ApplicationMain_Loop)
    i.BusFault_Handler                       0x080003fc   Section        0  stm32f1xx_it.o(i.BusFault_Handler)
    i.DMA1_Channel5_IRQHandler               0x08000400   Section        0  stm32f1xx_it.o(i.DMA1_Channel5_IRQHandler)
    i.DMA_SetConfig                          0x0800040c   Section        0  stm32f1xx_hal_dma.o(i.DMA_SetConfig)
    DMA_SetConfig                            0x0800040d   Thumb Code    42  stm32f1xx_hal_dma.o(i.DMA_SetConfig)
    i.DebugMon_Handler                       0x08000436   Section        0  stm32f1xx_it.o(i.DebugMon_Handler)
    i.Error_Handler                          0x08000438   Section        0  main.o(i.Error_Handler)
    i.FunctionMain_Init                      0x0800043a   Section        0  functionmain.o(i.FunctionMain_Init)
    i.FunctionMain_Loop                      0x0800043e   Section        0  functionmain.o(i.FunctionMain_Loop)
    i.GetKeyLeave                            0x08000444   Section        0  keygpio.o(i.GetKeyLeave)
    i.HAL_DMA_Abort_IT                       0x08000454   Section        0  stm32f1xx_hal_dma.o(i.HAL_DMA_Abort_IT)
    i.HAL_DMA_IRQHandler                     0x080004ec   Section        0  stm32f1xx_hal_dma.o(i.HAL_DMA_IRQHandler)
    i.HAL_DMA_Init                           0x08000640   Section        0  stm32f1xx_hal_dma.o(i.HAL_DMA_Init)
    i.HAL_DMA_Start_IT                       0x0800069c   Section        0  stm32f1xx_hal_dma.o(i.HAL_DMA_Start_IT)
    i.HAL_GPIO_Init                          0x0800070c   Section        0  stm32f1xx_hal_gpio.o(i.HAL_GPIO_Init)
    i.HAL_GPIO_ReadPin                       0x080008ec   Section        0  stm32f1xx_hal_gpio.o(i.HAL_GPIO_ReadPin)
    i.HAL_GPIO_WritePin                      0x080008f6   Section        0  stm32f1xx_hal_gpio.o(i.HAL_GPIO_WritePin)
    i.HAL_GetTick                            0x08000900   Section        0  stm32f1xx_hal.o(i.HAL_GetTick)
    i.HAL_IncTick                            0x0800090c   Section        0  stm32f1xx_hal.o(i.HAL_IncTick)
    i.HAL_Init                               0x0800091c   Section        0  stm32f1xx_hal.o(i.HAL_Init)
    i.HAL_InitTick                           0x08000940   Section        0  stm32f1xx_hal.o(i.HAL_InitTick)
    i.HAL_MspInit                            0x08000980   Section        0  stm32f1xx_hal_msp.o(i.HAL_MspInit)
    i.HAL_NVIC_EnableIRQ                     0x080009bc   Section        0  stm32f1xx_hal_cortex.o(i.HAL_NVIC_EnableIRQ)
    i.HAL_NVIC_SetPriority                   0x080009d8   Section        0  stm32f1xx_hal_cortex.o(i.HAL_NVIC_SetPriority)
    i.HAL_NVIC_SetPriorityGrouping           0x08000a18   Section        0  stm32f1xx_hal_cortex.o(i.HAL_NVIC_SetPriorityGrouping)
    i.HAL_RCC_ClockConfig                    0x08000a3c   Section        0  stm32f1xx_hal_rcc.o(i.HAL_RCC_ClockConfig)
    i.HAL_RCC_GetPCLK1Freq                   0x08000b68   Section        0  stm32f1xx_hal_rcc.o(i.HAL_RCC_GetPCLK1Freq)
    i.HAL_RCC_GetPCLK2Freq                   0x08000b88   Section        0  stm32f1xx_hal_rcc.o(i.HAL_RCC_GetPCLK2Freq)
    i.HAL_RCC_GetSysClockFreq                0x08000ba8   Section        0  stm32f1xx_hal_rcc.o(i.HAL_RCC_GetSysClockFreq)
    i.HAL_RCC_OscConfig                      0x08000c14   Section        0  stm32f1xx_hal_rcc.o(i.HAL_RCC_OscConfig)
    i.HAL_SPI_ErrorCallback                  0x08000f34   Section        0  stm32f1xx_hal_spi.o(i.HAL_SPI_ErrorCallback)
    i.HAL_SPI_Init                           0x08000f36   Section        0  stm32f1xx_hal_spi.o(i.HAL_SPI_Init)
    i.HAL_SPI_MspInit                        0x08000fe8   Section        0  spi.o(i.HAL_SPI_MspInit)
    i.HAL_SPI_Transmit_DMA                   0x08001080   Section        0  stm32f1xx_hal_spi.o(i.HAL_SPI_Transmit_DMA)
    i.HAL_SPI_TxCpltCallback                 0x08001158   Section        0  stm32f1xx_hal_spi.o(i.HAL_SPI_TxCpltCallback)
    i.HAL_SPI_TxHalfCpltCallback             0x0800115a   Section        0  stm32f1xx_hal_spi.o(i.HAL_SPI_TxHalfCpltCallback)
    i.HAL_SYSTICK_Config                     0x0800115c   Section        0  stm32f1xx_hal_cortex.o(i.HAL_SYSTICK_Config)
    i.HAL_UART_ErrorCallback                 0x08001184   Section        0  stm32f1xx_hal_uart.o(i.HAL_UART_ErrorCallback)
    i.HAL_UART_IRQHandler                    0x08001188   Section        0  stm32f1xx_hal_uart.o(i.HAL_UART_IRQHandler)
    i.HAL_UART_Init                          0x080012e4   Section        0  stm32f1xx_hal_uart.o(i.HAL_UART_Init)
    i.HAL_UART_MspInit                       0x08001348   Section        0  usart.o(i.HAL_UART_MspInit)
    i.HAL_UART_RxCpltCallback                0x080013c8   Section        0  stm32f1xx_hal_uart.o(i.HAL_UART_RxCpltCallback)
    i.HAL_UART_TxCpltCallback                0x080013ca   Section        0  stm32f1xx_hal_uart.o(i.HAL_UART_TxCpltCallback)
    i.HardFault_Handler                      0x080013cc   Section        0  stm32f1xx_it.o(i.HardFault_Handler)
    i.KEY_Press                              0x080013ce   Section        0  keyfunc.o(i.KEY_Press)
    i.KEY_UP                                 0x080013d4   Section        0  keyfunc.o(i.KEY_UP)
    i.KeyFrame_EliminationTremble            0x080013e8   Section        0  keyframe.o(i.KeyFrame_EliminationTremble)
    i.KeyFrame_Exec                          0x0800144c   Section        0  keyframe.o(i.KeyFrame_Exec)
    i.KeyFrame_FuncEnableAll                 0x0800145e   Section        0  keyframe.o(i.KeyFrame_FuncEnableAll)
    i.KeyFrame_FuncRepeatExec                0x0800147a   Section        0  keyframe.o(i.KeyFrame_FuncRepeatExec)
    i.KeyFrame_KeyPressHandle                0x08001540   Section        0  keyframe.o(i.KeyFrame_KeyPressHandle)
    i.KeyFrame_KeyReleaseHandle              0x080015b8   Section        0  keyframe.o(i.KeyFrame_KeyReleaseHandle)
    i.KeyFrame_RegisterFunc                  0x08001694   Section        0  keyframe.o(i.KeyFrame_RegisterFunc)
    i.KeyFrame_RegisterLink                  0x080016c6   Section        0  keyframe.o(i.KeyFrame_RegisterLink)
    i.KeyFrame_Scan                          0x080016fc   Section        0  keyframe.o(i.KeyFrame_Scan)
    i.KeyFrame_ScanExec                      0x08001784   Section        0  keyframe.o(i.KeyFrame_ScanExec)
    i.KeyFrame_SearchFuncInTable             0x08001828   Section        0  keyframe.o(i.KeyFrame_SearchFuncInTable)
    i.KeyFrame_SearchLinkInTable             0x08001846   Section        0  keyframe.o(i.KeyFrame_SearchLinkInTable)
    i.KeyFrame_ToUserDataFill                0x08001866   Section        0  keyframe.o(i.KeyFrame_ToUserDataFill)
    i.KeyFunc_Exec                           0x08001874   Section        0  keyfunc.o(i.KeyFunc_Exec)
    i.KeyFunc_Init                           0x08001880   Section        0  keyfunc.o(i.KeyFunc_Init)
    i.LEDConfig_Loop                         0x080018b4   Section        0  ledconfig.o(i.LEDConfig_Loop)
    i.LEDFlashing                            0x080018c0   Section        0  ledcontrol.o(i.LEDFlashing)
    i.LEDToggle                              0x080018c8   Section        0  ledcontrol.o(i.LEDToggle)
    i.LEDTransmitData                        0x080018da   Section        0  ws2812.o(i.LEDTransmitData)
    i.LEdRunCycle                            0x080018ec   Section        0  ledcontrol.o(i.LEdRunCycle)
    i.MX_DMA_Init                            0x08001910   Section        0  dma.o(i.MX_DMA_Init)
    i.MX_GPIO_Init                           0x0800193c   Section        0  gpio.o(i.MX_GPIO_Init)
    i.MX_SPI2_Init                           0x080019bc   Section        0  spi.o(i.MX_SPI2_Init)
    i.MX_USART1_UART_Init                    0x08001a08   Section        0  usart.o(i.MX_USART1_UART_Init)
    i.MemManage_Handler                      0x08001a40   Section        0  stm32f1xx_it.o(i.MemManage_Handler)
    i.NMI_Handler                            0x08001a42   Section        0  stm32f1xx_it.o(i.NMI_Handler)
    i.PendSV_Handler                         0x08001a44   Section        0  stm32f1xx_it.o(i.PendSV_Handler)
    i.PeripheralMain_Init                    0x08001a46   Section        0  peripheralmain.o(i.PeripheralMain_Init)
    i.PeripheralMain_Loop                    0x08001a6a   Section        0  peripheralmain.o(i.PeripheralMain_Loop)
    i.SPI2TransmitData                       0x08001a78   Section        0  spi2.o(i.SPI2TransmitData)
    i.SPI_DMAError                           0x08001a88   Section        0  stm32f1xx_hal_spi.o(i.SPI_DMAError)
    SPI_DMAError                             0x08001a89   Thumb Code    34  stm32f1xx_hal_spi.o(i.SPI_DMAError)
    i.SPI_DMAHalfTransmitCplt                0x08001aaa   Section        0  stm32f1xx_hal_spi.o(i.SPI_DMAHalfTransmitCplt)
    SPI_DMAHalfTransmitCplt                  0x08001aab   Thumb Code    10  stm32f1xx_hal_spi.o(i.SPI_DMAHalfTransmitCplt)
    i.SPI_DMATransmitCplt                    0x08001ab4   Section        0  stm32f1xx_hal_spi.o(i.SPI_DMATransmitCplt)
    SPI_DMATransmitCplt                      0x08001ab5   Thumb Code   100  stm32f1xx_hal_spi.o(i.SPI_DMATransmitCplt)
    i.SPI_EndRxTxTransaction                 0x08001b18   Section        0  stm32f1xx_hal_spi.o(i.SPI_EndRxTxTransaction)
    SPI_EndRxTxTransaction                   0x08001b19   Thumb Code    32  stm32f1xx_hal_spi.o(i.SPI_EndRxTxTransaction)
    i.SPI_WaitFlagStateUntilTimeout          0x08001b38   Section        0  stm32f1xx_hal_spi.o(i.SPI_WaitFlagStateUntilTimeout)
    SPI_WaitFlagStateUntilTimeout            0x08001b39   Thumb Code   180  stm32f1xx_hal_spi.o(i.SPI_WaitFlagStateUntilTimeout)
    i.SVC_Handler                            0x08001bf0   Section        0  stm32f1xx_it.o(i.SVC_Handler)
    i.SetDebugLEDLeave                       0x08001bf4   Section        0  ledgpio.o(i.SetDebugLEDLeave)
    i.SetLEDFlashing                         0x08001c04   Section        0  ledconfig.o(i.SetLEDFlashing)
    i.SetLEDValue                            0x08001c10   Section        0  ws2812.o(i.SetLEDValue)
    i.SysTick_Handler                        0x08001cac   Section        0  stm32f1xx_it.o(i.SysTick_Handler)
    i.SystemClock_Config                     0x08001cd4   Section        0  main.o(i.SystemClock_Config)
    i.SystemInit                             0x08001d22   Section        0  system_stm32f1xx.o(i.SystemInit)
    i.UART_DMAAbortOnError                   0x08001d24   Section        0  stm32f1xx_hal_uart.o(i.UART_DMAAbortOnError)
    UART_DMAAbortOnError                     0x08001d25   Thumb Code    16  stm32f1xx_hal_uart.o(i.UART_DMAAbortOnError)
    i.UART_EndRxTransfer                     0x08001d34   Section        0  stm32f1xx_hal_uart.o(i.UART_EndRxTransfer)
    UART_EndRxTransfer                       0x08001d35   Thumb Code    28  stm32f1xx_hal_uart.o(i.UART_EndRxTransfer)
    i.UART_Receive_IT                        0x08001d50   Section        0  stm32f1xx_hal_uart.o(i.UART_Receive_IT)
    UART_Receive_IT                          0x08001d51   Thumb Code   140  stm32f1xx_hal_uart.o(i.UART_Receive_IT)
    i.UART_SetConfig                         0x08001ddc   Section        0  stm32f1xx_hal_uart.o(i.UART_SetConfig)
    UART_SetConfig                           0x08001ddd   Thumb Code   178  stm32f1xx_hal_uart.o(i.UART_SetConfig)
    i.USART1_IRQHandler                      0x08001e94   Section        0  stm32f1xx_it.o(i.USART1_IRQHandler)
    i.UpdateLED                              0x08001ea0   Section        0  ws2812.o(i.UpdateLED)
    UpdateLED                                0x08001ea1   Thumb Code   206  ws2812.o(i.UpdateLED)
    i.UsageFault_Handler                     0x08001f6e   Section        0  stm32f1xx_it.o(i.UsageFault_Handler)
    i.WS2812BreathCycle                      0x08001f70   Section        0  ws2812.o(i.WS2812BreathCycle)
    WS2812BreathCycle                        0x08001f71   Thumb Code   340  ws2812.o(i.WS2812BreathCycle)
    i.WS2812ConfigBreath                     0x080020cc   Section        0  ws2812config.o(i.WS2812ConfigBreath)
    i.WS2812ConfigChangeEffect               0x080020ec   Section        0  ws2812config.o(i.WS2812ConfigChangeEffect)
    i.WS2812ConfigFlashing                   0x08002108   Section        0  ws2812config.o(i.WS2812ConfigFlashing)
    i.WS2812ConfigNormalDisplay              0x08002124   Section        0  ws2812config.o(i.WS2812ConfigNormalDisplay)
    i.WS2812ConfigPolice                     0x0800213c   Section        0  ws2812config.o(i.WS2812ConfigPolice)
    i.WS2812ConfigRainBowBreath              0x0800214c   Section        0  ws2812config.o(i.WS2812ConfigRainBowBreath)
    i.WS2812ConfigSetByUser                  0x0800215c   Section        0  ws2812config.o(i.WS2812ConfigSetByUser)
    i.WS2812ConfigSetOnTime                  0x0800217c   Section        0  ws2812config.o(i.WS2812ConfigSetOnTime)
    i.WS2812ConfigSurround                   0x08002198   Section        0  ws2812config.o(i.WS2812ConfigSurround)
    i.WS2812ConfigUserFunc                   0x080021b4   Section        0  ws2812config.o(i.WS2812ConfigUserFunc)
    i.WS2812Config_Loop                      0x0800222c   Section        0  ws2812config.o(i.WS2812Config_Loop)
    i.WS2812Cycle                            0x08002238   Section        0  ws2812.o(i.WS2812Cycle)
    i.WS2812FlashingCycle                    0x08002274   Section        0  ws2812.o(i.WS2812FlashingCycle)
    WS2812FlashingCycle                      0x08002275   Thumb Code   182  ws2812.o(i.WS2812FlashingCycle)
    i.WS2812PoliceCycle                      0x0800232a   Section        0  ws2812.o(i.WS2812PoliceCycle)
    WS2812PoliceCycle                        0x0800232b   Thumb Code   162  ws2812.o(i.WS2812PoliceCycle)
    i.WS2812RainBowBreathCycle               0x080023cc   Section        0  ws2812.o(i.WS2812RainBowBreathCycle)
    WS2812RainBowBreathCycle                 0x080023cd   Thumb Code   314  ws2812.o(i.WS2812RainBowBreathCycle)
    i.WS2812SetOnTimeDisplay                 0x08002518   Section        0  ws2812.o(i.WS2812SetOnTimeDisplay)
    i.WS2812SetOnTimeDisplayCycle            0x080025a8   Section        0  ws2812.o(i.WS2812SetOnTimeDisplayCycle)
    WS2812SetOnTimeDisplayCycle              0x080025a9   Thumb Code   142  ws2812.o(i.WS2812SetOnTimeDisplayCycle)
    i.WS2812StartBreathe                     0x08002638   Section        0  ws2812.o(i.WS2812StartBreathe)
    i.WS2812StartFlashing                    0x08002738   Section        0  ws2812.o(i.WS2812StartFlashing)
    i.WS2812StartNormalDisplay               0x080027f4   Section        0  ws2812.o(i.WS2812StartNormalDisplay)
    i.WS2812StartPolice                      0x08002858   Section        0  ws2812.o(i.WS2812StartPolice)
    i.WS2812StartRainBowBreathe              0x080028c6   Section        0  ws2812.o(i.WS2812StartRainBowBreathe)
    i.WS2812StartSurround                    0x08002940   Section        0  ws2812.o(i.WS2812StartSurround)
    i.WS2812SurroundCycle                    0x08002a3a   Section        0  ws2812.o(i.WS2812SurroundCycle)
    WS2812SurroundCycle                      0x08002a3b   Thumb Code   220  ws2812.o(i.WS2812SurroundCycle)
    i.__NVIC_SetPriority                     0x08002b16   Section        0  stm32f1xx_hal_cortex.o(i.__NVIC_SetPriority)
    __NVIC_SetPriority                       0x08002b17   Thumb Code    32  stm32f1xx_hal_cortex.o(i.__NVIC_SetPriority)
    i.__scatterload_copy                     0x08002b36   Section       14  handlers.o(i.__scatterload_copy)
    i.__scatterload_null                     0x08002b44   Section        2  handlers.o(i.__scatterload_null)
    i.__scatterload_zeroinit                 0x08002b46   Section       14  handlers.o(i.__scatterload_zeroinit)
    i.main                                   0x08002b54   Section        0  main.o(i.main)
    .constdata                               0x08002b76   Section       16  system_stm32f1xx.o(.constdata)
    .constdata                               0x08002b86   Section        8  system_stm32f1xx.o(.constdata)
    .data                                    0x20000000   Section        4  system_stm32f1xx.o(.data)
    .data                                    0x20000004   Section       12  stm32f1xx_hal.o(.data)
    .data                                    0x20000010   Section       48  ws2812config.o(.data)
    .data                                    0x20000040   Section       16  ledconfig.o(.data)
    .data                                    0x20000050   Section       32  ws2812.o(.data)
    .data                                    0x20000070   Section        4  ledcontrol.o(.data)
    .data                                    0x20000074   Section        4  keyframe.o(.data)
    .data                                    0x20000078   Section       58  keyfunc.o(.data)
    .data                                    0x200000b2   Section       10  keyfunc.o(.data)
    .data                                    0x200000bc   Section        4  keyfunc.o(.data)
    .data                                    0x200000c0   Section        4  keyfunc.o(.data)
    .data                                    0x200000c4   Section        1  keyfunc.o(.data)
    .bss                                     0x200000c8   Section      156  spi.o(.bss)
    .bss                                     0x20000164   Section       64  usart.o(.bss)
    .bss                                     0x200001a4   Section      288  ws2812config.o(.bss)
    .bss                                     0x200002c4   Section      624  ws2812config.o(.bss)
    STACK                                    0x20000538   Section     1024  startup_stm32f103xb.o(STACK)

    Global Symbols

    Symbol Name                              Value     Ov Type        Size  Object(Section)

    BuildAttributes$$THM_ISAv4$P$D$K$B$S$PE$A:L22UL41UL21$X:L11$S22US41US21$IEEE1$IW$USESV6$~STKCKD$USESV7$~SHL$OTIME$ROPI$EBA8$MICROLIB$REQ8$PRES8$EABIv2 0x00000000   Number         0  anon$$obj.o ABSOLUTE
    __ARM_use_no_argv                        0x00000000   Number         0  main.o ABSOLUTE
    __cpp_initialize__aeabi_                  - Undefined Weak Reference
    __cxa_finalize                            - Undefined Weak Reference
    __decompress                              - Undefined Weak Reference
    _clock_init                               - Undefined Weak Reference
    _microlib_exit                            - Undefined Weak Reference
    __Vectors_Size                           0x000000ec   Number         0  startup_stm32f103xb.o ABSOLUTE
    __Vectors                                0x08000000   Data           4  startup_stm32f103xb.o(RESET)
    __Vectors_End                            0x080000ec   Data           0  startup_stm32f103xb.o(RESET)
    __main                                   0x080000ed   Thumb Code     0  entry.o(.ARM.Collect$$$$00000000)
    _main_stk                                0x080000ed   Thumb Code     0  entry2.o(.ARM.Collect$$$$00000001)
    _main_scatterload                        0x080000f1   Thumb Code     0  entry5.o(.ARM.Collect$$$$00000004)
    __main_after_scatterload                 0x080000f5   Thumb Code     0  entry5.o(.ARM.Collect$$$$00000004)
    _main_clock                              0x080000f5   Thumb Code     0  entry7b.o(.ARM.Collect$$$$00000008)
    _main_cpp_init                           0x080000f5   Thumb Code     0  entry8b.o(.ARM.Collect$$$$0000000A)
    _main_init                               0x080000f5   Thumb Code     0  entry9a.o(.ARM.Collect$$$$0000000B)
    __rt_final_cpp                           0x080000fd   Thumb Code     0  entry10a.o(.ARM.Collect$$$$0000000D)
    __rt_final_exit                          0x080000fd   Thumb Code     0  entry11a.o(.ARM.Collect$$$$0000000F)
    Reset_Handler                            0x08000101   Thumb Code     8  startup_stm32f103xb.o(.text)
    ADC1_2_IRQHandler                        0x0800011b   Thumb Code     0  startup_stm32f103xb.o(.text)
    CAN1_RX1_IRQHandler                      0x0800011b   Thumb Code     0  startup_stm32f103xb.o(.text)
    CAN1_SCE_IRQHandler                      0x0800011b   Thumb Code     0  startup_stm32f103xb.o(.text)
    DMA1_Channel1_IRQHandler                 0x0800011b   Thumb Code     0  startup_stm32f103xb.o(.text)
    DMA1_Channel2_IRQHandler                 0x0800011b   Thumb Code     0  startup_stm32f103xb.o(.text)
    DMA1_Channel3_IRQHandler                 0x0800011b   Thumb Code     0  startup_stm32f103xb.o(.text)
    DMA1_Channel4_IRQHandler                 0x0800011b   Thumb Code     0  startup_stm32f103xb.o(.text)
    DMA1_Channel6_IRQHandler                 0x0800011b   Thumb Code     0  startup_stm32f103xb.o(.text)
    DMA1_Channel7_IRQHandler                 0x0800011b   Thumb Code     0  startup_stm32f103xb.o(.text)
    EXTI0_IRQHandler                         0x0800011b   Thumb Code     0  startup_stm32f103xb.o(.text)
    EXTI15_10_IRQHandler                     0x0800011b   Thumb Code     0  startup_stm32f103xb.o(.text)
    EXTI1_IRQHandler                         0x0800011b   Thumb Code     0  startup_stm32f103xb.o(.text)
    EXTI2_IRQHandler                         0x0800011b   Thumb Code     0  startup_stm32f103xb.o(.text)
    EXTI3_IRQHandler                         0x0800011b   Thumb Code     0  startup_stm32f103xb.o(.text)
    EXTI4_IRQHandler                         0x0800011b   Thumb Code     0  startup_stm32f103xb.o(.text)
    EXTI9_5_IRQHandler                       0x0800011b   Thumb Code     0  startup_stm32f103xb.o(.text)
    FLASH_IRQHandler                         0x0800011b   Thumb Code     0  startup_stm32f103xb.o(.text)
    I2C1_ER_IRQHandler                       0x0800011b   Thumb Code     0  startup_stm32f103xb.o(.text)
    I2C1_EV_IRQHandler                       0x0800011b   Thumb Code     0  startup_stm32f103xb.o(.text)
    I2C2_ER_IRQHandler                       0x0800011b   Thumb Code     0  startup_stm32f103xb.o(.text)
    I2C2_EV_IRQHandler                       0x0800011b   Thumb Code     0  startup_stm32f103xb.o(.text)
    PVD_IRQHandler                           0x0800011b   Thumb Code     0  startup_stm32f103xb.o(.text)
    RCC_IRQHandler                           0x0800011b   Thumb Code     0  startup_stm32f103xb.o(.text)
    RTC_Alarm_IRQHandler                     0x0800011b   Thumb Code     0  startup_stm32f103xb.o(.text)
    RTC_IRQHandler                           0x0800011b   Thumb Code     0  startup_stm32f103xb.o(.text)
    SPI1_IRQHandler                          0x0800011b   Thumb Code     0  startup_stm32f103xb.o(.text)
    SPI2_IRQHandler                          0x0800011b   Thumb Code     0  startup_stm32f103xb.o(.text)
    TAMPER_IRQHandler                        0x0800011b   Thumb Code     0  startup_stm32f103xb.o(.text)
    TIM1_BRK_IRQHandler                      0x0800011b   Thumb Code     0  startup_stm32f103xb.o(.text)
    TIM1_CC_IRQHandler                       0x0800011b   Thumb Code     0  startup_stm32f103xb.o(.text)
    TIM1_TRG_COM_IRQHandler                  0x0800011b   Thumb Code     0  startup_stm32f103xb.o(.text)
    TIM1_UP_IRQHandler                       0x0800011b   Thumb Code     0  startup_stm32f103xb.o(.text)
    TIM2_IRQHandler                          0x0800011b   Thumb Code     0  startup_stm32f103xb.o(.text)
    TIM3_IRQHandler                          0x0800011b   Thumb Code     0  startup_stm32f103xb.o(.text)
    TIM4_IRQHandler                          0x0800011b   Thumb Code     0  startup_stm32f103xb.o(.text)
    USART2_IRQHandler                        0x0800011b   Thumb Code     0  startup_stm32f103xb.o(.text)
    USART3_IRQHandler                        0x0800011b   Thumb Code     0  startup_stm32f103xb.o(.text)
    USBWakeUp_IRQHandler                     0x0800011b   Thumb Code     0  startup_stm32f103xb.o(.text)
    USB_HP_CAN1_TX_IRQHandler                0x0800011b   Thumb Code     0  startup_stm32f103xb.o(.text)
    USB_LP_CAN1_RX0_IRQHandler               0x0800011b   Thumb Code     0  startup_stm32f103xb.o(.text)
    WWDG_IRQHandler                          0x0800011b   Thumb Code     0  startup_stm32f103xb.o(.text)
    __aeabi_memset                           0x08000125   Thumb Code    14  memseta.o(.text)
    __aeabi_memset4                          0x08000125   Thumb Code     0  memseta.o(.text)
    __aeabi_memset8                          0x08000125   Thumb Code     0  memseta.o(.text)
    __aeabi_memclr                           0x08000133   Thumb Code     4  memseta.o(.text)
    __aeabi_memclr4                          0x08000133   Thumb Code     0  memseta.o(.text)
    __aeabi_memclr8                          0x08000133   Thumb Code     0  memseta.o(.text)
    _memset$wrapper                          0x08000137   Thumb Code    18  memseta.o(.text)
    __aeabi_fadd                             0x08000149   Thumb Code   164  fadd.o(.text)
    __aeabi_fsub                             0x080001ed   Thumb Code     6  fadd.o(.text)
    __aeabi_frsub                            0x080001f3   Thumb Code     6  fadd.o(.text)
    __aeabi_fmul                             0x080001f9   Thumb Code   100  fmul.o(.text)
    __aeabi_fdiv                             0x0800025d   Thumb Code   124  fdiv.o(.text)
    __ARM_scalbnf                            0x080002d9   Thumb Code    24  fscalb.o(.text)
    scalbnf                                  0x080002d9   Thumb Code     0  fscalb.o(.text)
    __aeabi_ui2f                             0x080002f1   Thumb Code    10  ffltui.o(.text)
    __aeabi_f2uiz                            0x080002fb   Thumb Code    40  ffixui.o(.text)
    __aeabi_cfcmpeq                          0x08000325   Thumb Code     0  cfcmple.o(.text)
    __aeabi_cfcmple                          0x08000325   Thumb Code    20  cfcmple.o(.text)
    __aeabi_cfrcmple                         0x08000339   Thumb Code    20  cfrcmple.o(.text)
    __I$use$fp                               0x0800034d   Thumb Code     0  iusefp.o(.text)
    _float_round                             0x0800034d   Thumb Code    18  fepilogue.o(.text)
    _float_epilogue                          0x0800035f   Thumb Code    92  fepilogue.o(.text)
    __scatterload                            0x080003bd   Thumb Code    28  init.o(.text)
    __scatterload_rt2                        0x080003bd   Thumb Code     0  init.o(.text)
    ApplicationMain_Init                     0x080003e1   Thumb Code    14  applicationmain.o(i.ApplicationMain_Init)
    ApplicationMain_Loop                     0x080003ef   Thumb Code    14  applicationmain.o(i.ApplicationMain_Loop)
    BusFault_Handler                         0x080003fd   Thumb Code     2  stm32f1xx_it.o(i.BusFault_Handler)
    DMA1_Channel5_IRQHandler                 0x08000401   Thumb Code     6  stm32f1xx_it.o(i.DMA1_Channel5_IRQHandler)
    DebugMon_Handler                         0x08000437   Thumb Code     2  stm32f1xx_it.o(i.DebugMon_Handler)
    Error_Handler                            0x08000439   Thumb Code     2  main.o(i.Error_Handler)
    FunctionMain_Init                        0x0800043b   Thumb Code     4  functionmain.o(i.FunctionMain_Init)
    FunctionMain_Loop                        0x0800043f   Thumb Code     4  functionmain.o(i.FunctionMain_Loop)
    GetKeyLeave                              0x08000445   Thumb Code    10  keygpio.o(i.GetKeyLeave)
    HAL_DMA_Abort_IT                         0x08000455   Thumb Code   148  stm32f1xx_hal_dma.o(i.HAL_DMA_Abort_IT)
    HAL_DMA_IRQHandler                       0x080004ed   Thumb Code   316  stm32f1xx_hal_dma.o(i.HAL_DMA_IRQHandler)
    HAL_DMA_Init                             0x08000641   Thumb Code    84  stm32f1xx_hal_dma.o(i.HAL_DMA_Init)
    HAL_DMA_Start_IT                         0x0800069d   Thumb Code   112  stm32f1xx_hal_dma.o(i.HAL_DMA_Start_IT)
    HAL_GPIO_Init                            0x0800070d   Thumb Code   446  stm32f1xx_hal_gpio.o(i.HAL_GPIO_Init)
    HAL_GPIO_ReadPin                         0x080008ed   Thumb Code    10  stm32f1xx_hal_gpio.o(i.HAL_GPIO_ReadPin)
    HAL_GPIO_WritePin                        0x080008f7   Thumb Code    10  stm32f1xx_hal_gpio.o(i.HAL_GPIO_WritePin)
    HAL_GetTick                              0x08000901   Thumb Code     6  stm32f1xx_hal.o(i.HAL_GetTick)
    HAL_IncTick                              0x0800090d   Thumb Code    12  stm32f1xx_hal.o(i.HAL_IncTick)
    HAL_Init                                 0x0800091d   Thumb Code    32  stm32f1xx_hal.o(i.HAL_Init)
    HAL_InitTick                             0x08000941   Thumb Code    54  stm32f1xx_hal.o(i.HAL_InitTick)
    HAL_MspInit                              0x08000981   Thumb Code    52  stm32f1xx_hal_msp.o(i.HAL_MspInit)
    HAL_NVIC_EnableIRQ                       0x080009bd   Thumb Code    26  stm32f1xx_hal_cortex.o(i.HAL_NVIC_EnableIRQ)
    HAL_NVIC_SetPriority                     0x080009d9   Thumb Code    60  stm32f1xx_hal_cortex.o(i.HAL_NVIC_SetPriority)
    HAL_NVIC_SetPriorityGrouping             0x08000a19   Thumb Code    26  stm32f1xx_hal_cortex.o(i.HAL_NVIC_SetPriorityGrouping)
    HAL_RCC_ClockConfig                      0x08000a3d   Thumb Code   280  stm32f1xx_hal_rcc.o(i.HAL_RCC_ClockConfig)
    HAL_RCC_GetPCLK1Freq                     0x08000b69   Thumb Code    20  stm32f1xx_hal_rcc.o(i.HAL_RCC_GetPCLK1Freq)
    HAL_RCC_GetPCLK2Freq                     0x08000b89   Thumb Code    20  stm32f1xx_hal_rcc.o(i.HAL_RCC_GetPCLK2Freq)
    HAL_RCC_GetSysClockFreq                  0x08000ba9   Thumb Code    74  stm32f1xx_hal_rcc.o(i.HAL_RCC_GetSysClockFreq)
    HAL_RCC_OscConfig                        0x08000c15   Thumb Code   778  stm32f1xx_hal_rcc.o(i.HAL_RCC_OscConfig)
    HAL_SPI_ErrorCallback                    0x08000f35   Thumb Code     2  stm32f1xx_hal_spi.o(i.HAL_SPI_ErrorCallback)
    HAL_SPI_Init                             0x08000f37   Thumb Code   178  stm32f1xx_hal_spi.o(i.HAL_SPI_Init)
    HAL_SPI_MspInit                          0x08000fe9   Thumb Code   130  spi.o(i.HAL_SPI_MspInit)
    HAL_SPI_Transmit_DMA                     0x08001081   Thumb Code   202  stm32f1xx_hal_spi.o(i.HAL_SPI_Transmit_DMA)
    HAL_SPI_TxCpltCallback                   0x08001159   Thumb Code     2  stm32f1xx_hal_spi.o(i.HAL_SPI_TxCpltCallback)
    HAL_SPI_TxHalfCpltCallback               0x0800115b   Thumb Code     2  stm32f1xx_hal_spi.o(i.HAL_SPI_TxHalfCpltCallback)
    HAL_SYSTICK_Config                       0x0800115d   Thumb Code    40  stm32f1xx_hal_cortex.o(i.HAL_SYSTICK_Config)
    HAL_UART_ErrorCallback                   0x08001185   Thumb Code     2  stm32f1xx_hal_uart.o(i.HAL_UART_ErrorCallback)
    HAL_UART_IRQHandler                      0x08001189   Thumb Code   344  stm32f1xx_hal_uart.o(i.HAL_UART_IRQHandler)
    HAL_UART_Init                            0x080012e5   Thumb Code    98  stm32f1xx_hal_uart.o(i.HAL_UART_Init)
    HAL_UART_MspInit                         0x08001349   Thumb Code   116  usart.o(i.HAL_UART_MspInit)
    HAL_UART_RxCpltCallback                  0x080013c9   Thumb Code     2  stm32f1xx_hal_uart.o(i.HAL_UART_RxCpltCallback)
    HAL_UART_TxCpltCallback                  0x080013cb   Thumb Code     2  stm32f1xx_hal_uart.o(i.HAL_UART_TxCpltCallback)
    HardFault_Handler                        0x080013cd   Thumb Code     2  stm32f1xx_it.o(i.HardFault_Handler)
    KEY_Press                                0x080013cf   Thumb Code     6  keyfunc.o(i.KEY_Press)
    KEY_UP                                   0x080013d5   Thumb Code    18  keyfunc.o(i.KEY_UP)
    KeyFrame_EliminationTremble              0x080013e9   Thumb Code    94  keyframe.o(i.KeyFrame_EliminationTremble)
    KeyFrame_Exec                            0x0800144d   Thumb Code    18  keyframe.o(i.KeyFrame_Exec)
    KeyFrame_FuncEnableAll                   0x0800145f   Thumb Code    28  keyframe.o(i.KeyFrame_FuncEnableAll)
    KeyFrame_FuncRepeatExec                  0x0800147b   Thumb Code   198  keyframe.o(i.KeyFrame_FuncRepeatExec)
    KeyFrame_KeyPressHandle                  0x08001541   Thumb Code   114  keyframe.o(i.KeyFrame_KeyPressHandle)
    KeyFrame_KeyReleaseHandle                0x080015b9   Thumb Code   220  keyframe.o(i.KeyFrame_KeyReleaseHandle)
    KeyFrame_RegisterFunc                    0x08001695   Thumb Code    50  keyframe.o(i.KeyFrame_RegisterFunc)
    KeyFrame_RegisterLink                    0x080016c7   Thumb Code    52  keyframe.o(i.KeyFrame_RegisterLink)
    KeyFrame_Scan                            0x080016fd   Thumb Code   132  keyframe.o(i.KeyFrame_Scan)
    KeyFrame_ScanExec                        0x08001785   Thumb Code   158  keyframe.o(i.KeyFrame_ScanExec)
    KeyFrame_SearchFuncInTable               0x08001829   Thumb Code    30  keyframe.o(i.KeyFrame_SearchFuncInTable)
    KeyFrame_SearchLinkInTable               0x08001847   Thumb Code    32  keyframe.o(i.KeyFrame_SearchLinkInTable)
    KeyFrame_ToUserDataFill                  0x08001867   Thumb Code    14  keyframe.o(i.KeyFrame_ToUserDataFill)
    KeyFunc_Exec                             0x08001875   Thumb Code     6  keyfunc.o(i.KeyFunc_Exec)
    KeyFunc_Init                             0x08001881   Thumb Code    46  keyfunc.o(i.KeyFunc_Init)
    LEDConfig_Loop                           0x080018b5   Thumb Code     6  ledconfig.o(i.LEDConfig_Loop)
    LEDFlashing                              0x080018c1   Thumb Code     8  ledcontrol.o(i.LEDFlashing)
    LEDToggle                                0x080018c9   Thumb Code    18  ledcontrol.o(i.LEDToggle)
    LEDTransmitData                          0x080018db   Thumb Code    16  ws2812.o(i.LEDTransmitData)
    LEdRunCycle                              0x080018ed   Thumb Code    30  ledcontrol.o(i.LEdRunCycle)
    MX_DMA_Init                              0x08001911   Thumb Code    40  dma.o(i.MX_DMA_Init)
    MX_GPIO_Init                             0x0800193d   Thumb Code   118  gpio.o(i.MX_GPIO_Init)
    MX_SPI2_Init                             0x080019bd   Thumb Code    68  spi.o(i.MX_SPI2_Init)
    MX_USART1_UART_Init                      0x08001a09   Thumb Code    48  usart.o(i.MX_USART1_UART_Init)
    MemManage_Handler                        0x08001a41   Thumb Code     2  stm32f1xx_it.o(i.MemManage_Handler)
    NMI_Handler                              0x08001a43   Thumb Code     2  stm32f1xx_it.o(i.NMI_Handler)
    PendSV_Handler                           0x08001a45   Thumb Code     2  stm32f1xx_it.o(i.PendSV_Handler)
    PeripheralMain_Init                      0x08001a47   Thumb Code    36  peripheralmain.o(i.PeripheralMain_Init)
    PeripheralMain_Loop                      0x08001a6b   Thumb Code    14  peripheralmain.o(i.PeripheralMain_Loop)
    SPI2TransmitData                         0x08001a79   Thumb Code    10  spi2.o(i.SPI2TransmitData)
    SVC_Handler                              0x08001bf1   Thumb Code     2  stm32f1xx_it.o(i.SVC_Handler)
    SetDebugLEDLeave                         0x08001bf5   Thumb Code    10  ledgpio.o(i.SetDebugLEDLeave)
    SetLEDFlashing                           0x08001c05   Thumb Code     8  ledconfig.o(i.SetLEDFlashing)
    SetLEDValue                              0x08001c11   Thumb Code   156  ws2812.o(i.SetLEDValue)
    SysTick_Handler                          0x08001cad   Thumb Code    28  stm32f1xx_it.o(i.SysTick_Handler)
    SystemClock_Config                       0x08001cd5   Thumb Code    78  main.o(i.SystemClock_Config)
    SystemInit                               0x08001d23   Thumb Code     2  system_stm32f1xx.o(i.SystemInit)
    USART1_IRQHandler                        0x08001e95   Thumb Code     6  stm32f1xx_it.o(i.USART1_IRQHandler)
    UsageFault_Handler                       0x08001f6f   Thumb Code     2  stm32f1xx_it.o(i.UsageFault_Handler)
    WS2812ConfigBreath                       0x080020cd   Thumb Code    28  ws2812config.o(i.WS2812ConfigBreath)
    WS2812ConfigChangeEffect                 0x080020ed   Thumb Code    22  ws2812config.o(i.WS2812ConfigChangeEffect)
    WS2812ConfigFlashing                     0x08002109   Thumb Code    22  ws2812config.o(i.WS2812ConfigFlashing)
    WS2812ConfigNormalDisplay                0x08002125   Thumb Code    18  ws2812config.o(i.WS2812ConfigNormalDisplay)
    WS2812ConfigPolice                       0x0800213d   Thumb Code    10  ws2812config.o(i.WS2812ConfigPolice)
    WS2812ConfigRainBowBreath                0x0800214d   Thumb Code    10  ws2812config.o(i.WS2812ConfigRainBowBreath)
    WS2812ConfigSetByUser                    0x0800215d   Thumb Code    26  ws2812config.o(i.WS2812ConfigSetByUser)
    WS2812ConfigSetOnTime                    0x0800217d   Thumb Code    22  ws2812config.o(i.WS2812ConfigSetOnTime)
    WS2812ConfigSurround                     0x08002199   Thumb Code    22  ws2812config.o(i.WS2812ConfigSurround)
    WS2812ConfigUserFunc                     0x080021b5   Thumb Code   116  ws2812config.o(i.WS2812ConfigUserFunc)
    WS2812Config_Loop                        0x0800222d   Thumb Code     6  ws2812config.o(i.WS2812Config_Loop)
    WS2812Cycle                              0x08002239   Thumb Code    50  ws2812.o(i.WS2812Cycle)
    WS2812SetOnTimeDisplay                   0x08002519   Thumb Code   144  ws2812.o(i.WS2812SetOnTimeDisplay)
    WS2812StartBreathe                       0x08002639   Thumb Code   250  ws2812.o(i.WS2812StartBreathe)
    WS2812StartFlashing                      0x08002739   Thumb Code   188  ws2812.o(i.WS2812StartFlashing)
    WS2812StartNormalDisplay                 0x080027f5   Thumb Code   100  ws2812.o(i.WS2812StartNormalDisplay)
    WS2812StartPolice                        0x08002859   Thumb Code   110  ws2812.o(i.WS2812StartPolice)
    WS2812StartRainBowBreathe                0x080028c7   Thumb Code   120  ws2812.o(i.WS2812StartRainBowBreathe)
    WS2812StartSurround                      0x08002941   Thumb Code   250  ws2812.o(i.WS2812StartSurround)
    __scatterload_copy                       0x08002b37   Thumb Code    14  handlers.o(i.__scatterload_copy)
    __scatterload_null                       0x08002b45   Thumb Code     2  handlers.o(i.__scatterload_null)
    __scatterload_zeroinit                   0x08002b47   Thumb Code    14  handlers.o(i.__scatterload_zeroinit)
    main                                     0x08002b55   Thumb Code    34  main.o(i.main)
    AHBPrescTable                            0x08002b76   Data          16  system_stm32f1xx.o(.constdata)
    APBPrescTable                            0x08002b86   Data           8  system_stm32f1xx.o(.constdata)
    Region$$Table$$Base                      0x08002b90   Number         0  anon$$obj.o(Region$$Table)
    Region$$Table$$Limit                     0x08002bb0   Number         0  anon$$obj.o(Region$$Table)
    SystemCoreClock                          0x20000000   Data           4  system_stm32f1xx.o(.data)
    uwTickFreq                               0x20000004   Data           1  stm32f1xx_hal.o(.data)
    uwTickPrio                               0x20000008   Data           4  stm32f1xx_hal.o(.data)
    uwTick                                   0x2000000c   Data           4  stm32f1xx_hal.o(.data)
    gWs2812                                  0x20000010   Data          24  ws2812config.o(.data)
    gWS2812Config                            0x20000028   Data          12  ws2812config.o(.data)
    gDefaultWS2812                           0x20000034   Data          12  ws2812config.o(.data)
    gDebugLED                                0x20000040   Data          16  ledconfig.o(.data)
    gWS2812_TimeCNT                          0x20000050   Data           4  ws2812.o(.data)
    RainBow                                  0x20000054   Data          28  ws2812.o(.data)
    gLED_TimeCNT                             0x20000070   Data           4  ledcontrol.o(.data)
    gKeyFrame_TimeCNT                        0x20000074   Data           4  keyframe.o(.data)
    KEY_FRAME                                0x20000078   Data          29  keyfunc.o(.data)
    LINK_Key                                 0x20000095   Data          15  keyfunc.o(.data)
    KEY_FUNCLIST                             0x200000a4   Data          14  keyfunc.o(.data)
    PKeyFrame_FuncUserKEY_FUNCLIST           0x200000b2   Data          10  keyfunc.o(.data)
    KeyFrame_LinkInTableKEY_FRAME            0x200000bc   Data           4  keyfunc.o(.data)
    KeyFrame_FuncInTableKEY_FRAME            0x200000c0   Data           4  keyfunc.o(.data)
    KeyFrame_FuncStatusKEY_FUNCLIST          0x200000c4   Data           1  keyfunc.o(.data)
    hspi2                                    0x200000c8   Data          88  spi.o(.bss)
    hdma_spi2_tx                             0x20000120   Data          68  spi.o(.bss)
    huart1                                   0x20000164   Data          64  usart.o(.bss)
    xWS2812BBuffer                           0x200001a4   Data         288  ws2812config.o(.bss)
    xWS2812BLED                              0x200002c4   Data         624  ws2812config.o(.bss)
    __initial_sp                             0x20000938   Data           0  startup_stm32f103xb.o(STACK)



==============================================================================

Memory Map of the image

  Image Entry point : 0x080000ed

  Load Region LR_IROM1 (Base: 0x08000000, Size: 0x00002c78, Max: 0x00010000, ABSOLUTE)

    Execution Region ER_IROM1 (Exec base: 0x08000000, Load base: 0x08000000, Size: 0x00002bb0, Max: 0x00010000, ABSOLUTE)

    Exec Addr    Load Addr    Size         Type   Attr      Idx    E Section Name        Object

    0x08000000   0x08000000   0x000000ec   Data   RO          402    RESET               startup_stm32f103xb.o
    0x080000ec   0x080000ec   0x00000000   Code   RO         2950  * .ARM.Collect$$$$00000000  mc_w.l(entry.o)
    0x080000ec   0x080000ec   0x00000004   Code   RO         2977    .ARM.Collect$$$$00000001  mc_w.l(entry2.o)
    0x080000f0   0x080000f0   0x00000004   Code   RO         2980    .ARM.Collect$$$$00000004  mc_w.l(entry5.o)
    0x080000f4   0x080000f4   0x00000000   Code   RO         2982    .ARM.Collect$$$$00000008  mc_w.l(entry7b.o)
    0x080000f4   0x080000f4   0x00000000   Code   RO         2984    .ARM.Collect$$$$0000000A  mc_w.l(entry8b.o)
    0x080000f4   0x080000f4   0x00000008   Code   RO         2985    .ARM.Collect$$$$0000000B  mc_w.l(entry9a.o)
    0x080000fc   0x080000fc   0x00000000   Code   RO         2987    .ARM.Collect$$$$0000000D  mc_w.l(entry10a.o)
    0x080000fc   0x080000fc   0x00000000   Code   RO         2989    .ARM.Collect$$$$0000000F  mc_w.l(entry11a.o)
    0x080000fc   0x080000fc   0x00000004   Code   RO         2978    .ARM.Collect$$$$00002712  mc_w.l(entry2.o)
    0x08000100   0x08000100   0x00000024   Code   RO          403    .text               startup_stm32f103xb.o
    0x08000124   0x08000124   0x00000024   Code   RO         2957    .text               mc_w.l(memseta.o)
    0x08000148   0x08000148   0x000000b0   Code   RO         2961    .text               mf_w.l(fadd.o)
    0x080001f8   0x080001f8   0x00000064   Code   RO         2963    .text               mf_w.l(fmul.o)
    0x0800025c   0x0800025c   0x0000007c   Code   RO         2965    .text               mf_w.l(fdiv.o)
    0x080002d8   0x080002d8   0x00000018   Code   RO         2967    .text               mf_w.l(fscalb.o)
    0x080002f0   0x080002f0   0x0000000a   Code   RO         2969    .text               mf_w.l(ffltui.o)
    0x080002fa   0x080002fa   0x00000028   Code   RO         2971    .text               mf_w.l(ffixui.o)
    0x08000322   0x08000322   0x00000002   PAD
    0x08000324   0x08000324   0x00000014   Code   RO         2973    .text               mf_w.l(cfcmple.o)
    0x08000338   0x08000338   0x00000014   Code   RO         2975    .text               mf_w.l(cfrcmple.o)
    0x0800034c   0x0800034c   0x00000000   Code   RO         2991    .text               mc_w.l(iusefp.o)
    0x0800034c   0x0800034c   0x0000006e   Code   RO         2992    .text               mf_w.l(fepilogue.o)
    0x080003ba   0x080003ba   0x00000002   PAD
    0x080003bc   0x080003bc   0x00000024   Code   RO         2994    .text               mc_w.l(init.o)
    0x080003e0   0x080003e0   0x0000000e   Code   RO         2138    i.ApplicationMain_Init  applicationmain.o
    0x080003ee   0x080003ee   0x0000000e   Code   RO         2139    i.ApplicationMain_Loop  applicationmain.o
    0x080003fc   0x080003fc   0x00000002   Code   RO          276    i.BusFault_Handler  stm32f1xx_it.o
    0x080003fe   0x080003fe   0x00000002   PAD
    0x08000400   0x08000400   0x0000000c   Code   RO          277    i.DMA1_Channel5_IRQHandler  stm32f1xx_it.o
    0x0800040c   0x0800040c   0x0000002a   Code   RO         1184    i.DMA_SetConfig     stm32f1xx_hal_dma.o
    0x08000436   0x08000436   0x00000002   Code   RO          278    i.DebugMon_Handler  stm32f1xx_it.o
    0x08000438   0x08000438   0x00000002   Code   RO            4    i.Error_Handler     main.o
    0x0800043a   0x0800043a   0x00000004   Code   RO         2871    i.FunctionMain_Init  functionmain.o
    0x0800043e   0x0800043e   0x00000004   Code   RO         2872    i.FunctionMain_Loop  functionmain.o
    0x08000442   0x08000442   0x00000002   PAD
    0x08000444   0x08000444   0x00000010   Code   RO         2229    i.GetKeyLeave       keygpio.o
    0x08000454   0x08000454   0x00000098   Code   RO         1186    i.HAL_DMA_Abort_IT  stm32f1xx_hal_dma.o
    0x080004ec   0x080004ec   0x00000154   Code   RO         1190    i.HAL_DMA_IRQHandler  stm32f1xx_hal_dma.o
    0x08000640   0x08000640   0x0000005c   Code   RO         1191    i.HAL_DMA_Init      stm32f1xx_hal_dma.o
    0x0800069c   0x0800069c   0x00000070   Code   RO         1195    i.HAL_DMA_Start_IT  stm32f1xx_hal_dma.o
    0x0800070c   0x0800070c   0x000001e0   Code   RO         1121    i.HAL_GPIO_Init     stm32f1xx_hal_gpio.o
    0x080008ec   0x080008ec   0x0000000a   Code   RO         1123    i.HAL_GPIO_ReadPin  stm32f1xx_hal_gpio.o
    0x080008f6   0x080008f6   0x0000000a   Code   RO         1125    i.HAL_GPIO_WritePin  stm32f1xx_hal_gpio.o
    0x08000900   0x08000900   0x0000000c   Code   RO          817    i.HAL_GetTick       stm32f1xx_hal.o
    0x0800090c   0x0800090c   0x00000010   Code   RO          823    i.HAL_IncTick       stm32f1xx_hal.o
    0x0800091c   0x0800091c   0x00000024   Code   RO          824    i.HAL_Init          stm32f1xx_hal.o
    0x08000940   0x08000940   0x00000040   Code   RO          825    i.HAL_InitTick      stm32f1xx_hal.o
    0x08000980   0x08000980   0x0000003c   Code   RO          379    i.HAL_MspInit       stm32f1xx_hal_msp.o
    0x080009bc   0x080009bc   0x0000001a   Code   RO         1281    i.HAL_NVIC_EnableIRQ  stm32f1xx_hal_cortex.o
    0x080009d6   0x080009d6   0x00000002   PAD
    0x080009d8   0x080009d8   0x00000040   Code   RO         1287    i.HAL_NVIC_SetPriority  stm32f1xx_hal_cortex.o
    0x08000a18   0x08000a18   0x00000024   Code   RO         1288    i.HAL_NVIC_SetPriorityGrouping  stm32f1xx_hal_cortex.o
    0x08000a3c   0x08000a3c   0x0000012c   Code   RO          981    i.HAL_RCC_ClockConfig  stm32f1xx_hal_rcc.o
    0x08000b68   0x08000b68   0x00000020   Code   RO          988    i.HAL_RCC_GetPCLK1Freq  stm32f1xx_hal_rcc.o
    0x08000b88   0x08000b88   0x00000020   Code   RO          989    i.HAL_RCC_GetPCLK2Freq  stm32f1xx_hal_rcc.o
    0x08000ba8   0x08000ba8   0x0000006c   Code   RO          990    i.HAL_RCC_GetSysClockFreq  stm32f1xx_hal_rcc.o
    0x08000c14   0x08000c14   0x00000320   Code   RO          993    i.HAL_RCC_OscConfig  stm32f1xx_hal_rcc.o
    0x08000f34   0x08000f34   0x00000002   Code   RO          491    i.HAL_SPI_ErrorCallback  stm32f1xx_hal_spi.o
    0x08000f36   0x08000f36   0x000000b2   Code   RO          495    i.HAL_SPI_Init      stm32f1xx_hal_spi.o
    0x08000fe8   0x08000fe8   0x00000098   Code   RO          193    i.HAL_SPI_MspInit   spi.o
    0x08001080   0x08001080   0x000000d8   Code   RO          507    i.HAL_SPI_Transmit_DMA  stm32f1xx_hal_spi.o
    0x08001158   0x08001158   0x00000002   Code   RO          509    i.HAL_SPI_TxCpltCallback  stm32f1xx_hal_spi.o
    0x0800115a   0x0800115a   0x00000002   Code   RO          510    i.HAL_SPI_TxHalfCpltCallback  stm32f1xx_hal_spi.o
    0x0800115c   0x0800115c   0x00000028   Code   RO         1292    i.HAL_SYSTICK_Config  stm32f1xx_hal_cortex.o
    0x08001184   0x08001184   0x00000002   Code   RO         1838    i.HAL_UART_ErrorCallback  stm32f1xx_hal_uart.o
    0x08001186   0x08001186   0x00000002   PAD
    0x08001188   0x08001188   0x0000015c   Code   RO         1841    i.HAL_UART_IRQHandler  stm32f1xx_hal_uart.o
    0x080012e4   0x080012e4   0x00000062   Code   RO         1842    i.HAL_UART_Init     stm32f1xx_hal_uart.o
    0x08001346   0x08001346   0x00000002   PAD
    0x08001348   0x08001348   0x00000080   Code   RO          235    i.HAL_UART_MspInit  usart.o
    0x080013c8   0x080013c8   0x00000002   Code   RO         1848    i.HAL_UART_RxCpltCallback  stm32f1xx_hal_uart.o
    0x080013ca   0x080013ca   0x00000002   Code   RO         1853    i.HAL_UART_TxCpltCallback  stm32f1xx_hal_uart.o
    0x080013cc   0x080013cc   0x00000002   Code   RO          279    i.HardFault_Handler  stm32f1xx_it.o
    0x080013ce   0x080013ce   0x00000006   Code   RO         2904    i.KEY_Press         keyfunc.o
    0x080013d4   0x080013d4   0x00000012   Code   RO         2905    i.KEY_UP            keyfunc.o
    0x080013e6   0x080013e6   0x00000002   PAD
    0x080013e8   0x080013e8   0x00000064   Code   RO         2622    i.KeyFrame_EliminationTremble  keyframe.o
    0x0800144c   0x0800144c   0x00000012   Code   RO         2623    i.KeyFrame_Exec     keyframe.o
    0x0800145e   0x0800145e   0x0000001c   Code   RO         2627    i.KeyFrame_FuncEnableAll  keyframe.o
    0x0800147a   0x0800147a   0x000000c6   Code   RO         2628    i.KeyFrame_FuncRepeatExec  keyframe.o
    0x08001540   0x08001540   0x00000078   Code   RO         2631    i.KeyFrame_KeyPressHandle  keyframe.o
    0x080015b8   0x080015b8   0x000000dc   Code   RO         2632    i.KeyFrame_KeyReleaseHandle  keyframe.o
    0x08001694   0x08001694   0x00000032   Code   RO         2634    i.KeyFrame_RegisterFunc  keyframe.o
    0x080016c6   0x080016c6   0x00000034   Code   RO         2635    i.KeyFrame_RegisterLink  keyframe.o
    0x080016fa   0x080016fa   0x00000002   PAD
    0x080016fc   0x080016fc   0x00000088   Code   RO         2636    i.KeyFrame_Scan     keyframe.o
    0x08001784   0x08001784   0x000000a4   Code   RO         2637    i.KeyFrame_ScanExec  keyframe.o
    0x08001828   0x08001828   0x0000001e   Code   RO         2638    i.KeyFrame_SearchFuncInTable  keyframe.o
    0x08001846   0x08001846   0x00000020   Code   RO         2639    i.KeyFrame_SearchLinkInTable  keyframe.o
    0x08001866   0x08001866   0x0000000e   Code   RO         2640    i.KeyFrame_ToUserDataFill  keyframe.o
    0x08001874   0x08001874   0x0000000c   Code   RO         2941    i.KeyFunc_Exec      keyfunc.o
    0x08001880   0x08001880   0x00000034   Code   RO         2906    i.KeyFunc_Init      keyfunc.o
    0x080018b4   0x080018b4   0x0000000c   Code   RO         2415    i.LEDConfig_Loop    ledconfig.o
    0x080018c0   0x080018c0   0x00000008   Code   RO         2580    i.LEDFlashing       ledcontrol.o
    0x080018c8   0x080018c8   0x00000012   Code   RO         2583    i.LEDToggle         ledcontrol.o
    0x080018da   0x080018da   0x00000010   Code   RO         2464    i.LEDTransmitData   ws2812.o
    0x080018ea   0x080018ea   0x00000002   PAD
    0x080018ec   0x080018ec   0x00000024   Code   RO         2584    i.LEdRunCycle       ledcontrol.o
    0x08001910   0x08001910   0x0000002c   Code   RO          168    i.MX_DMA_Init       dma.o
    0x0800193c   0x0800193c   0x00000080   Code   RO          144    i.MX_GPIO_Init      gpio.o
    0x080019bc   0x080019bc   0x0000004c   Code   RO          194    i.MX_SPI2_Init      spi.o
    0x08001a08   0x08001a08   0x00000038   Code   RO          236    i.MX_USART1_UART_Init  usart.o
    0x08001a40   0x08001a40   0x00000002   Code   RO          280    i.MemManage_Handler  stm32f1xx_it.o
    0x08001a42   0x08001a42   0x00000002   Code   RO          281    i.NMI_Handler       stm32f1xx_it.o
    0x08001a44   0x08001a44   0x00000002   Code   RO          282    i.PendSV_Handler    stm32f1xx_it.o
    0x08001a46   0x08001a46   0x00000024   Code   RO         2366    i.PeripheralMain_Init  peripheralmain.o
    0x08001a6a   0x08001a6a   0x0000000e   Code   RO         2367    i.PeripheralMain_Loop  peripheralmain.o
    0x08001a78   0x08001a78   0x00000010   Code   RO         2174    i.SPI2TransmitData  spi2.o
    0x08001a88   0x08001a88   0x00000022   Code   RO          523    i.SPI_DMAError      stm32f1xx_hal_spi.o
    0x08001aaa   0x08001aaa   0x0000000a   Code   RO          525    i.SPI_DMAHalfTransmitCplt  stm32f1xx_hal_spi.o
    0x08001ab4   0x08001ab4   0x00000064   Code   RO          529    i.SPI_DMATransmitCplt  stm32f1xx_hal_spi.o
    0x08001b18   0x08001b18   0x00000020   Code   RO          533    i.SPI_EndRxTxTransaction  stm32f1xx_hal_spi.o
    0x08001b38   0x08001b38   0x000000b8   Code   RO          538    i.SPI_WaitFlagStateUntilTimeout  stm32f1xx_hal_spi.o
    0x08001bf0   0x08001bf0   0x00000002   Code   RO          283    i.SVC_Handler       stm32f1xx_it.o
    0x08001bf2   0x08001bf2   0x00000002   PAD
    0x08001bf4   0x08001bf4   0x00000010   Code   RO         2202    i.SetDebugLEDLeave  ledgpio.o
    0x08001c04   0x08001c04   0x0000000c   Code   RO         2416    i.SetLEDFlashing    ledconfig.o
    0x08001c10   0x08001c10   0x0000009c   Code   RO         2465    i.SetLEDValue       ws2812.o
    0x08001cac   0x08001cac   0x00000028   Code   RO          284    i.SysTick_Handler   stm32f1xx_it.o
    0x08001cd4   0x08001cd4   0x0000004e   Code   RO            5    i.SystemClock_Config  main.o
    0x08001d22   0x08001d22   0x00000002   Code   RO          411    i.SystemInit        system_stm32f1xx.o
    0x08001d24   0x08001d24   0x00000010   Code   RO         1855    i.UART_DMAAbortOnError  stm32f1xx_hal_uart.o
    0x08001d34   0x08001d34   0x0000001c   Code   RO         1865    i.UART_EndRxTransfer  stm32f1xx_hal_uart.o
    0x08001d50   0x08001d50   0x0000008c   Code   RO         1867    i.UART_Receive_IT   stm32f1xx_hal_uart.o
    0x08001ddc   0x08001ddc   0x000000b8   Code   RO         1868    i.UART_SetConfig    stm32f1xx_hal_uart.o
    0x08001e94   0x08001e94   0x0000000c   Code   RO          285    i.USART1_IRQHandler  stm32f1xx_it.o
    0x08001ea0   0x08001ea0   0x000000ce   Code   RO         2466    i.UpdateLED         ws2812.o
    0x08001f6e   0x08001f6e   0x00000002   Code   RO          286    i.UsageFault_Handler  stm32f1xx_it.o
    0x08001f70   0x08001f70   0x0000015c   Code   RO         2467    i.WS2812BreathCycle  ws2812.o
    0x080020cc   0x080020cc   0x00000020   Code   RO         2257    i.WS2812ConfigBreath  ws2812config.o
    0x080020ec   0x080020ec   0x0000001c   Code   RO         2258    i.WS2812ConfigChangeEffect  ws2812config.o
    0x08002108   0x08002108   0x0000001c   Code   RO         2259    i.WS2812ConfigFlashing  ws2812config.o
    0x08002124   0x08002124   0x00000018   Code   RO         2260    i.WS2812ConfigNormalDisplay  ws2812config.o
    0x0800213c   0x0800213c   0x00000010   Code   RO         2261    i.WS2812ConfigPolice  ws2812config.o
    0x0800214c   0x0800214c   0x00000010   Code   RO         2262    i.WS2812ConfigRainBowBreath  ws2812config.o
    0x0800215c   0x0800215c   0x00000020   Code   RO         2263    i.WS2812ConfigSetByUser  ws2812config.o
    0x0800217c   0x0800217c   0x0000001c   Code   RO         2264    i.WS2812ConfigSetOnTime  ws2812config.o
    0x08002198   0x08002198   0x0000001c   Code   RO         2265    i.WS2812ConfigSurround  ws2812config.o
    0x080021b4   0x080021b4   0x00000078   Code   RO         2266    i.WS2812ConfigUserFunc  ws2812config.o
    0x0800222c   0x0800222c   0x0000000c   Code   RO         2269    i.WS2812Config_Loop  ws2812config.o
    0x08002238   0x08002238   0x0000003c   Code   RO         2468    i.WS2812Cycle       ws2812.o
    0x08002274   0x08002274   0x000000b6   Code   RO         2469    i.WS2812FlashingCycle  ws2812.o
    0x0800232a   0x0800232a   0x000000a2   Code   RO         2470    i.WS2812PoliceCycle  ws2812.o
    0x080023cc   0x080023cc   0x0000014c   Code   RO         2471    i.WS2812RainBowBreathCycle  ws2812.o
    0x08002518   0x08002518   0x00000090   Code   RO         2472    i.WS2812SetOnTimeDisplay  ws2812.o
    0x080025a8   0x080025a8   0x0000008e   Code   RO         2473    i.WS2812SetOnTimeDisplayCycle  ws2812.o
    0x08002636   0x08002636   0x00000002   PAD
    0x08002638   0x08002638   0x00000100   Code   RO         2474    i.WS2812StartBreathe  ws2812.o
    0x08002738   0x08002738   0x000000bc   Code   RO         2475    i.WS2812StartFlashing  ws2812.o
    0x080027f4   0x080027f4   0x00000064   Code   RO         2476    i.WS2812StartNormalDisplay  ws2812.o
    0x08002858   0x08002858   0x0000006e   Code   RO         2477    i.WS2812StartPolice  ws2812.o
    0x080028c6   0x080028c6   0x00000078   Code   RO         2478    i.WS2812StartRainBowBreathe  ws2812.o
    0x0800293e   0x0800293e   0x00000002   PAD
    0x08002940   0x08002940   0x000000fa   Code   RO         2479    i.WS2812StartSurround  ws2812.o
    0x08002a3a   0x08002a3a   0x000000dc   Code   RO         2480    i.WS2812SurroundCycle  ws2812.o
    0x08002b16   0x08002b16   0x00000020   Code   RO         1294    i.__NVIC_SetPriority  stm32f1xx_hal_cortex.o
    0x08002b36   0x08002b36   0x0000000e   Code   RO         2998    i.__scatterload_copy  mc_w.l(handlers.o)
    0x08002b44   0x08002b44   0x00000002   Code   RO         2999    i.__scatterload_null  mc_w.l(handlers.o)
    0x08002b46   0x08002b46   0x0000000e   Code   RO         3000    i.__scatterload_zeroinit  mc_w.l(handlers.o)
    0x08002b54   0x08002b54   0x00000022   Code   RO            6    i.main              main.o
    0x08002b76   0x08002b76   0x00000010   Data   RO          412    .constdata          system_stm32f1xx.o
    0x08002b86   0x08002b86   0x00000008   Data   RO          413    .constdata          system_stm32f1xx.o
    0x08002b8e   0x08002b8e   0x00000002   PAD
    0x08002b90   0x08002b90   0x00000020   Data   RO         2996    Region$$Table       anon$$obj.o


    Execution Region RW_IRAM1 (Exec base: 0x20000000, Load base: 0x08002bb0, Size: 0x00000938, Max: 0x00005000, ABSOLUTE)

    Exec Addr    Load Addr    Size         Type   Attr      Idx    E Section Name        Object

    0x20000000   0x08002bb0   0x00000004   Data   RW          414    .data               system_stm32f1xx.o
    0x20000004   0x08002bb4   0x0000000c   Data   RW          831    .data               stm32f1xx_hal.o
    0x20000010   0x08002bc0   0x00000030   Data   RW         2273    .data               ws2812config.o
    0x20000040   0x08002bf0   0x00000010   Data   RW         2418    .data               ledconfig.o
    0x20000050   0x08002c00   0x00000020   Data   RW         2481    .data               ws2812.o
    0x20000070   0x08002c20   0x00000004   Data   RW         2585    .data               ledcontrol.o
    0x20000074   0x08002c24   0x00000004   Data   RW         2641    .data               keyframe.o
    0x20000078   0x08002c28   0x0000003a   Data   RW         2907    .data               keyfunc.o
    0x200000b2   0x08002c62   0x0000000a   Data   RW         2908    .data               keyfunc.o
    0x200000bc   0x08002c6c   0x00000004   Data   RW         2909    .data               keyfunc.o
    0x200000c0   0x08002c70   0x00000004   Data   RW         2910    .data               keyfunc.o
    0x200000c4   0x08002c74   0x00000001   Data   RW         2911    .data               keyfunc.o
    0x200000c5   0x08002c75   0x00000003   PAD
    0x200000c8        -       0x0000009c   Zero   RW          195    .bss                spi.o
    0x20000164        -       0x00000040   Zero   RW          237    .bss                usart.o
    0x200001a4        -       0x00000120   Zero   RW         2271    .bss                ws2812config.o
    0x200002c4        -       0x00000270   Zero   RW         2272    .bss                ws2812config.o
    0x20000534   0x08002c75   0x00000004   PAD
    0x20000538        -       0x00000400   Zero   RW          400    STACK               startup_stm32f103xb.o


==============================================================================

Image component sizes


      Code (inc. data)   RO Data    RW Data    ZI Data      Debug   Object Name

        28          0          0          0          0        958   applicationmain.o
        44          4          0          0          0        678   dma.o
         8          0          0          0          0        832   functionmain.o
       128         10          0          0          0        839   gpio.o
      1162         22          0          4          0      12763   keyframe.o
        88         12          0         77          0       2716   keyfunc.o
        16          6          0          0          0        438   keygpio.o
        24         10          0         16          0       1130   ledconfig.o
        62          6          0          4          0       2807   ledcontrol.o
        16          6          0          0          0        459   ledgpio.o
       114          0          0          0          0     399912   main.o
        50          0          0          0          0       1000   peripheralmain.o
       228         30          0          0        156       1586   spi.o
        16          6          0          0          0        856   spi2.o
        36          8        236          0       1024        740   startup_stm32f103xb.o
       128         24          0         12          0       5081   stm32f1xx_hal.o
       198         14          0          0          0      28775   stm32f1xx_hal_cortex.o
       738         36          0          0          0       4142   stm32f1xx_hal_dma.o
       500         34          0          0          0       3399   stm32f1xx_hal_gpio.o
        60          8          0          0          0        786   stm32f1xx_hal_msp.o
      1272        100          0          0          0       5020   stm32f1xx_hal_rcc.o
       760         18          0          0          0       6828   stm32f1xx_hal_spi.o
       820         10          0          0          0       6347   stm32f1xx_hal_uart.o
        80         24          0          0          0      11195   stm32f1xx_it.o
         2          0         24          4          0       1003   system_stm32f1xx.o
       184         20          0          0         64       1526   usart.o
      2992         50          0         32          0      15225   ws2812.o
       364         70          0         48        912       7568   ws2812config.o

    ----------------------------------------------------------------------
     10140        528        294        200       2160     524609   Object Totals
         0          0         32          0          0          0   (incl. Generated)
        22          0          2          3          4          0   (incl. Padding)

    ----------------------------------------------------------------------

      Code (inc. data)   RO Data    RW Data    ZI Data      Debug   Library Member Name

         0          0          0          0          0          0   entry.o
         0          0          0          0          0          0   entry10a.o
         0          0          0          0          0          0   entry11a.o
         8          4          0          0          0          0   entry2.o
         4          0          0          0          0          0   entry5.o
         0          0          0          0          0          0   entry7b.o
         0          0          0          0          0          0   entry8b.o
         8          4          0          0          0          0   entry9a.o
        30          0          0          0          0          0   handlers.o
        36          8          0          0          0         68   init.o
         0          0          0          0          0          0   iusefp.o
        36          0          0          0          0        108   memseta.o
        20          0          0          0          0         68   cfcmple.o
        20          0          0          0          0         68   cfrcmple.o
       176          0          0          0          0        140   fadd.o
       124          0          0          0          0         88   fdiv.o
       110          0          0          0          0        168   fepilogue.o
        40          0          0          0          0         68   ffixui.o
        10          0          0          0          0         68   ffltui.o
       100          0          0          0          0         76   fmul.o
        24          0          0          0          0         68   fscalb.o

    ----------------------------------------------------------------------
       750         16          0          0          0        988   Library Totals
         4          0          0          0          0          0   (incl. Padding)

    ----------------------------------------------------------------------

      Code (inc. data)   RO Data    RW Data    ZI Data      Debug   Library Name

       122         16          0          0          0        176   mc_w.l
       624          0          0          0          0        812   mf_w.l

    ----------------------------------------------------------------------
       750         16          0          0          0        988   Library Totals

    ----------------------------------------------------------------------

==============================================================================


      Code (inc. data)   RO Data    RW Data    ZI Data      Debug   

     10890        544        294        200       2160     519145   Grand Totals
     10890        544        294        200       2160     519145   ELF Image Totals
     10890        544        294        200          0          0   ROM Totals

==============================================================================

    Total RO  Size (Code + RO Data)                11184 (  10.92kB)
    Total RW  Size (RW Data + ZI Data)              2360 (   2.30kB)
    Total ROM Size (Code + RO Data + RW Data)      11384 (  11.12kB)

==============================================================================

